Setup Player Company in Drennia
Run 24 Arcs
Starting Arc 1...
[produceForCompany] Arc 1 Fetching factories for 6c5b59f5-9f56-4c02-a8bb-c1ada533ab96...
[produceForCompany] Arc 1 Fetched factories for 6c5b59f5-9f56-4c02-a8bb-c1ada533ab96
[produceForCompany] Arc 1 Fetching productionLines for 6c5b59f5-9f56-4c02-a8bb-c1ada533ab96...
[produceForCompany] Arc 1 Fetched productionLines for 6c5b59f5-9f56-4c02-a8bb-c1ada533ab96
[produceForCompany] Arc 1 Fetching factories for 7f4c016c-e7c2-4d7d-8b5a-640c76b81675...
[produceForCompany] Arc 1 Fetched factories for 7f4c016c-e7c2-4d7d-8b5a-640c76b81675
[produceForCompany] Arc 1 Fetching productionLines for 7f4c016c-e7c2-4d7d-8b5a-640c76b81675...
[produceForCompany] Arc 1 Fetched productionLines for 7f4c016c-e7c2-4d7d-8b5a-640c76b81675
[produceForCompany] Arc 1 Fetching factories for 77fe89c2-d1b4-4b0b-8ccd-9ae755ec7626...
[produceForCompany] Arc 1 Fetched factories for 77fe89c2-d1b4-4b0b-8ccd-9ae755ec7626
[produceForCompany] Arc 1 Fetching productionLines for 77fe89c2-d1b4-4b0b-8ccd-9ae755ec7626...
[produceForCompany] Arc 1 Fetched productionLines for 77fe89c2-d1b4-4b0b-8ccd-9ae755ec7626
[produceForCompany] Arc 1 Fetching factories for 767c2273-94b5-4c11-9675-75b81e7e1510...
[produceForCompany] Arc 1 Fetched factories for 767c2273-94b5-4c11-9675-75b81e7e1510
[produceForCompany] Arc 1 Fetching productionLines for 767c2273-94b5-4c11-9675-75b81e7e1510...
[produceForCompany] Arc 1 Fetched productionLines for 767c2273-94b5-4c11-9675-75b81e7e1510
[produceForCompany] Arc 1 Fetching factories for 41822fa4-9f93-4f36-ad5b-ead7d5ea0b8d...
[produceForCompany] Arc 1 Fetched factories for 41822fa4-9f93-4f36-ad5b-ead7d5ea0b8d
[produceForCompany] Arc 1 Fetching productionLines for 41822fa4-9f93-4f36-ad5b-ead7d5ea0b8d...
[produceForCompany] Arc 1 Fetched productionLines for 41822fa4-9f93-4f36-ad5b-ead7d5ea0b8d
Finished Arc 1 - res.code=200
Starting Arc 2...
[produceForCompany] Arc 2 Fetching factories for 41822fa4-9f93-4f36-ad5b-ead7d5ea0b8d...
[produceForCompany] Arc 2 Fetched factories for 41822fa4-9f93-4f36-ad5b-ead7d5ea0b8d
[produceForCompany] Arc 2 Fetching productionLines for 41822fa4-9f93-4f36-ad5b-ead7d5ea0b8d...
[produceForCompany] Arc 2 Fetched productionLines for 41822fa4-9f93-4f36-ad5b-ead7d5ea0b8d
[produceForCompany] Arc 2 Fetching factories for 6c5b59f5-9f56-4c02-a8bb-c1ada533ab96...
[produceForCompany] Arc 2 Fetched factories for 6c5b59f5-9f56-4c02-a8bb-c1ada533ab96
[produceForCompany] Arc 2 Fetching productionLines for 6c5b59f5-9f56-4c02-a8bb-c1ada533ab96...
[produceForCompany] Arc 2 Fetched productionLines for 6c5b59f5-9f56-4c02-a8bb-c1ada533ab96
[produceForCompany] Arc 2 Fetching factories for 7f4c016c-e7c2-4d7d-8b5a-640c76b81675...
[produceForCompany] Arc 2 Fetched factories for 7f4c016c-e7c2-4d7d-8b5a-640c76b81675
[produceForCompany] Arc 2 Fetching productionLines for 7f4c016c-e7c2-4d7d-8b5a-640c76b81675...
[produceForCompany] Arc 2 Fetched productionLines for 7f4c016c-e7c2-4d7d-8b5a-640c76b81675
[produceForCompany] Arc 2 Fetching factories for 77fe89c2-d1b4-4b0b-8ccd-9ae755ec7626...
[produceForCompany] Arc 2 Fetched factories for 77fe89c2-d1b4-4b0b-8ccd-9ae755ec7626
[produceForCompany] Arc 2 Fetching productionLines for 77fe89c2-d1b4-4b0b-8ccd-9ae755ec7626...
[produceForCompany] Arc 2 Fetched productionLines for 77fe89c2-d1b4-4b0b-8ccd-9ae755ec7626
[produceForCompany] Arc 2 Fetching factories for 767c2273-94b5-4c11-9675-75b81e7e1510...
[produceForCompany] Arc 2 Fetched factories for 767c2273-94b5-4c11-9675-75b81e7e1510
[produceForCompany] Arc 2 Fetching productionLines for 767c2273-94b5-4c11-9675-75b81e7e1510...
[produceForCompany] Arc 2 Fetched productionLines for 767c2273-94b5-4c11-9675-75b81e7e1510
Finished Arc 2 - res.code=200
Starting Arc 3...
[produceForCompany] Arc 3 Fetching factories for 41822fa4-9f93-4f36-ad5b-ead7d5ea0b8d...
[produceForCompany] Arc 3 Fetched factories for 41822fa4-9f93-4f36-ad5b-ead7d5ea0b8d
[produceForCompany] Arc 3 Fetching productionLines for 41822fa4-9f93-4f36-ad5b-ead7d5ea0b8d...
[produceForCompany] Arc 3 Fetched productionLines for 41822fa4-9f93-4f36-ad5b-ead7d5ea0b8d
[produceForCompany] Arc 3 Fetching factories for 6c5b59f5-9f56-4c02-a8bb-c1ada533ab96...
[produceForCompany] Arc 3 Fetched factories for 6c5b59f5-9f56-4c02-a8bb-c1ada533ab96
[produceForCompany] Arc 3 Fetching productionLines for 6c5b59f5-9f56-4c02-a8bb-c1ada533ab96...
[produceForCompany] Arc 3 Fetched productionLines for 6c5b59f5-9f56-4c02-a8bb-c1ada533ab96
[produceForCompany] Arc 3 Fetching factories for 7f4c016c-e7c2-4d7d-8b5a-640c76b81675...
[produceForCompany] Arc 3 Fetched factories for 7f4c016c-e7c2-4d7d-8b5a-640c76b81675
[produceForCompany] Arc 3 Fetching productionLines for 7f4c016c-e7c2-4d7d-8b5a-640c76b81675...
[produceForCompany] Arc 3 Fetched productionLines for 7f4c016c-e7c2-4d7d-8b5a-640c76b81675
[produceForCompany] Arc 3 Fetching factories for 77fe89c2-d1b4-4b0b-8ccd-9ae755ec7626...
[produceForCompany] Arc 3 Fetched factories for 77fe89c2-d1b4-4b0b-8ccd-9ae755ec7626
[produceForCompany] Arc 3 Fetching productionLines for 77fe89c2-d1b4-4b0b-8ccd-9ae755ec7626...
[produceForCompany] Arc 3 Fetched productionLines for 77fe89c2-d1b4-4b0b-8ccd-9ae755ec7626
[produceForCompany] Arc 3 Fetching factories for 767c2273-94b5-4c11-9675-75b81e7e1510...
[produceForCompany] Arc 3 Fetched factories for 767c2273-94b5-4c11-9675-75b81e7e1510
[produceForCompany] Arc 3 Fetching productionLines for 767c2273-94b5-4c11-9675-75b81e7e1510...
[produceForCompany] Arc 3 Fetched productionLines for 767c2273-94b5-4c11-9675-75b81e7e1510
Finished Arc 3 - res.code=200
Starting Arc 4...
[produceForCompany] Arc 4 Fetching factories for 767c2273-94b5-4c11-9675-75b81e7e1510...
[produceForCompany] Arc 4 Fetched factories for 767c2273-94b5-4c11-9675-75b81e7e1510
[produceForCompany] Arc 4 Fetching productionLines for 767c2273-94b5-4c11-9675-75b81e7e1510...
[produceForCompany] Arc 4 Fetched productionLines for 767c2273-94b5-4c11-9675-75b81e7e1510
[produceForCompany] Arc 4 Fetching factories for 41822fa4-9f93-4f36-ad5b-ead7d5ea0b8d...
[produceForCompany] Arc 4 Fetched factories for 41822fa4-9f93-4f36-ad5b-ead7d5ea0b8d
[produceForCompany] Arc 4 Fetching productionLines for 41822fa4-9f93-4f36-ad5b-ead7d5ea0b8d...
[produceForCompany] Arc 4 Fetched productionLines for 41822fa4-9f93-4f36-ad5b-ead7d5ea0b8d
[produceForCompany] Arc 4 Fetching factories for 6c5b59f5-9f56-4c02-a8bb-c1ada533ab96...
[produceForCompany] Arc 4 Fetched factories for 6c5b59f5-9f56-4c02-a8bb-c1ada533ab96
[produceForCompany] Arc 4 Fetching productionLines for 6c5b59f5-9f56-4c02-a8bb-c1ada533ab96...
[produceForCompany] Arc 4 Fetched productionLines for 6c5b59f5-9f56-4c02-a8bb-c1ada533ab96
[produceForCompany] Arc 4 Fetching factories for 7f4c016c-e7c2-4d7d-8b5a-640c76b81675...
[produceForCompany] Arc 4 Fetched factories for 7f4c016c-e7c2-4d7d-8b5a-640c76b81675
[produceForCompany] Arc 4 Fetching productionLines for 7f4c016c-e7c2-4d7d-8b5a-640c76b81675...
[produceForCompany] Arc 4 Fetched productionLines for 7f4c016c-e7c2-4d7d-8b5a-640c76b81675
[produceForCompany] Arc 4 Fetching factories for 77fe89c2-d1b4-4b0b-8ccd-9ae755ec7626...
[produceForCompany] Arc 4 Fetched factories for 77fe89c2-d1b4-4b0b-8ccd-9ae755ec7626
[produceForCompany] Arc 4 Fetching productionLines for 77fe89c2-d1b4-4b0b-8ccd-9ae755ec7626...
[produceForCompany] Arc 4 Fetched productionLines for 77fe89c2-d1b4-4b0b-8ccd-9ae755ec7626
Finished Arc 4 - res.code=200
Starting Arc 5...
[produceForCompany] Arc 5 Fetching factories for 767c2273-94b5-4c11-9675-75b81e7e1510...
[produceForCompany] Arc 5 Fetched factories for 767c2273-94b5-4c11-9675-75b81e7e1510
[produceForCompany] Arc 5 Fetching productionLines for 767c2273-94b5-4c11-9675-75b81e7e1510...
[produceForCompany] Arc 5 Fetched productionLines for 767c2273-94b5-4c11-9675-75b81e7e1510
[produceForCompany] Arc 5 Fetching factories for 6c5b59f5-9f56-4c02-a8bb-c1ada533ab96...
[produceForCompany] Arc 5 Fetched factories for 6c5b59f5-9f56-4c02-a8bb-c1ada533ab96
[produceForCompany] Arc 5 Fetching productionLines for 6c5b59f5-9f56-4c02-a8bb-c1ada533ab96...
[produceForCompany] Arc 5 Fetched productionLines for 6c5b59f5-9f56-4c02-a8bb-c1ada533ab96
[produceForCompany] Arc 5 Fetching factories for 7f4c016c-e7c2-4d7d-8b5a-640c76b81675...
[produceForCompany] Arc 5 Fetched factories for 7f4c016c-e7c2-4d7d-8b5a-640c76b81675
[produceForCompany] Arc 5 Fetching productionLines for 7f4c016c-e7c2-4d7d-8b5a-640c76b81675...
[produceForCompany] Arc 5 Fetched productionLines for 7f4c016c-e7c2-4d7d-8b5a-640c76b81675
[produceForCompany] Arc 5 Fetching factories for 77fe89c2-d1b4-4b0b-8ccd-9ae755ec7626...
[produceForCompany] Arc 5 Fetched factories for 77fe89c2-d1b4-4b0b-8ccd-9ae755ec7626
[produceForCompany] Arc 5 Fetching productionLines for 77fe89c2-d1b4-4b0b-8ccd-9ae755ec7626...
[produceForCompany] Arc 5 Fetched productionLines for 77fe89c2-d1b4-4b0b-8ccd-9ae755ec7626
[produceForCompany] Arc 5 Fetching factories for 41822fa4-9f93-4f36-ad5b-ead7d5ea0b8d...
[produceForCompany] Arc 5 Fetched factories for 41822fa4-9f93-4f36-ad5b-ead7d5ea0b8d
[produceForCompany] Arc 5 Fetching productionLines for 41822fa4-9f93-4f36-ad5b-ead7d5ea0b8d...
[produceForCompany] Arc 5 Fetched productionLines for 41822fa4-9f93-4f36-ad5b-ead7d5ea0b8d
Finished Arc 5 - res.code=200
Starting Arc 6...
[produceForCompany] Arc 6 Fetching factories for 767c2273-94b5-4c11-9675-75b81e7e1510...
[produceForCompany] Arc 6 Fetched factories for 767c2273-94b5-4c11-9675-75b81e7e1510
[produceForCompany] Arc 6 Fetching productionLines for 767c2273-94b5-4c11-9675-75b81e7e1510...
[produceForCompany] Arc 6 Fetched productionLines for 767c2273-94b5-4c11-9675-75b81e7e1510
[produceForCompany] Arc 6 Fetching factories for 6c5b59f5-9f56-4c02-a8bb-c1ada533ab96...
[produceForCompany] Arc 6 Fetched factories for 6c5b59f5-9f56-4c02-a8bb-c1ada533ab96
[produceForCompany] Arc 6 Fetching productionLines for 6c5b59f5-9f56-4c02-a8bb-c1ada533ab96...
[produceForCompany] Arc 6 Fetched productionLines for 6c5b59f5-9f56-4c02-a8bb-c1ada533ab96
[produceForCompany] Arc 6 Fetching factories for 7f4c016c-e7c2-4d7d-8b5a-640c76b81675...
[produceForCompany] Arc 6 Fetched factories for 7f4c016c-e7c2-4d7d-8b5a-640c76b81675
[produceForCompany] Arc 6 Fetching productionLines for 7f4c016c-e7c2-4d7d-8b5a-640c76b81675...
[produceForCompany] Arc 6 Fetched productionLines for 7f4c016c-e7c2-4d7d-8b5a-640c76b81675
[produceForCompany] Arc 6 Fetching factories for 77fe89c2-d1b4-4b0b-8ccd-9ae755ec7626...
[produceForCompany] Arc 6 Fetched factories for 77fe89c2-d1b4-4b0b-8ccd-9ae755ec7626
[produceForCompany] Arc 6 Fetching productionLines for 77fe89c2-d1b4-4b0b-8ccd-9ae755ec7626...
[produceForCompany] Arc 6 Fetched productionLines for 77fe89c2-d1b4-4b0b-8ccd-9ae755ec7626
[produceForCompany] Arc 6 Fetching factories for 41822fa4-9f93-4f36-ad5b-ead7d5ea0b8d...
[produceForCompany] Arc 6 Fetched factories for 41822fa4-9f93-4f36-ad5b-ead7d5ea0b8d
[produceForCompany] Arc 6 Fetching productionLines for 41822fa4-9f93-4f36-ad5b-ead7d5ea0b8d...
[produceForCompany] Arc 6 Fetched productionLines for 41822fa4-9f93-4f36-ad5b-ead7d5ea0b8d
Finished Arc 6 - res.code=200
Starting Arc 7...
[produceForCompany] Arc 7 Fetching factories for 767c2273-94b5-4c11-9675-75b81e7e1510...
[produceForCompany] Arc 7 Fetched factories for 767c2273-94b5-4c11-9675-75b81e7e1510
[produceForCompany] Arc 7 Fetching productionLines for 767c2273-94b5-4c11-9675-75b81e7e1510...
[produceForCompany] Arc 7 Fetched productionLines for 767c2273-94b5-4c11-9675-75b81e7e1510
[produceForCompany] Arc 7 Fetching factories for 6c5b59f5-9f56-4c02-a8bb-c1ada533ab96...
[produceForCompany] Arc 7 Fetched factories for 6c5b59f5-9f56-4c02-a8bb-c1ada533ab96
[produceForCompany] Arc 7 Fetching productionLines for 6c5b59f5-9f56-4c02-a8bb-c1ada533ab96...
[produceForCompany] Arc 7 Fetched productionLines for 6c5b59f5-9f56-4c02-a8bb-c1ada533ab96
[produceForCompany] Arc 7 Fetching factories for 7f4c016c-e7c2-4d7d-8b5a-640c76b81675...
[produceForCompany] Arc 7 Fetched factories for 7f4c016c-e7c2-4d7d-8b5a-640c76b81675
[produceForCompany] Arc 7 Fetching productionLines for 7f4c016c-e7c2-4d7d-8b5a-640c76b81675...
[produceForCompany] Arc 7 Fetched productionLines for 7f4c016c-e7c2-4d7d-8b5a-640c76b81675
[produceForCompany] Arc 7 Fetching factories for 41822fa4-9f93-4f36-ad5b-ead7d5ea0b8d...
[produceForCompany] Arc 7 Fetched factories for 41822fa4-9f93-4f36-ad5b-ead7d5ea0b8d
[produceForCompany] Arc 7 Fetching productionLines for 41822fa4-9f93-4f36-ad5b-ead7d5ea0b8d...
[produceForCompany] Arc 7 Fetched productionLines for 41822fa4-9f93-4f36-ad5b-ead7d5ea0b8d
[produceForCompany] Arc 7 Fetching factories for 77fe89c2-d1b4-4b0b-8ccd-9ae755ec7626...
[produceForCompany] Arc 7 Fetched factories for 77fe89c2-d1b4-4b0b-8ccd-9ae755ec7626
[produceForCompany] Arc 7 Fetching productionLines for 77fe89c2-d1b4-4b0b-8ccd-9ae755ec7626...
[produceForCompany] Arc 7 Fetched productionLines for 77fe89c2-d1b4-4b0b-8ccd-9ae755ec7626
Finished Arc 7 - res.code=200
Starting Arc 8...
[produceForCompany] Arc 8 Fetching factories for 41822fa4-9f93-4f36-ad5b-ead7d5ea0b8d...
[produceForCompany] Arc 8 Fetched factories for 41822fa4-9f93-4f36-ad5b-ead7d5ea0b8d
[produceForCompany] Arc 8 Fetching productionLines for 41822fa4-9f93-4f36-ad5b-ead7d5ea0b8d...
[produceForCompany] Arc 8 Fetched productionLines for 41822fa4-9f93-4f36-ad5b-ead7d5ea0b8d
[produceForCompany] Arc 8 Fetching factories for 767c2273-94b5-4c11-9675-75b81e7e1510...
[produceForCompany] Arc 8 Fetched factories for 767c2273-94b5-4c11-9675-75b81e7e1510
[produceForCompany] Arc 8 Fetching productionLines for 767c2273-94b5-4c11-9675-75b81e7e1510...
[produceForCompany] Arc 8 Fetched productionLines for 767c2273-94b5-4c11-9675-75b81e7e1510
[produceForCompany] Arc 8 Fetching factories for 6c5b59f5-9f56-4c02-a8bb-c1ada533ab96...
[produceForCompany] Arc 8 Fetched factories for 6c5b59f5-9f56-4c02-a8bb-c1ada533ab96
[produceForCompany] Arc 8 Fetching productionLines for 6c5b59f5-9f56-4c02-a8bb-c1ada533ab96...
[produceForCompany] Arc 8 Fetched productionLines for 6c5b59f5-9f56-4c02-a8bb-c1ada533ab96
[produceForCompany] Arc 8 Fetching factories for 7f4c016c-e7c2-4d7d-8b5a-640c76b81675...
[produceForCompany] Arc 8 Fetched factories for 7f4c016c-e7c2-4d7d-8b5a-640c76b81675
[produceForCompany] Arc 8 Fetching productionLines for 7f4c016c-e7c2-4d7d-8b5a-640c76b81675...
[produceForCompany] Arc 8 Fetched productionLines for 7f4c016c-e7c2-4d7d-8b5a-640c76b81675
[produceForCompany] Arc 8 Fetching factories for 77fe89c2-d1b4-4b0b-8ccd-9ae755ec7626...
[produceForCompany] Arc 8 Fetched factories for 77fe89c2-d1b4-4b0b-8ccd-9ae755ec7626
[produceForCompany] Arc 8 Fetching productionLines for 77fe89c2-d1b4-4b0b-8ccd-9ae755ec7626...
[produceForCompany] Arc 8 Fetched productionLines for 77fe89c2-d1b4-4b0b-8ccd-9ae755ec7626
Finished Arc 8 - res.code=200
Starting Arc 9...
[produceForCompany] Arc 1 Fetching factories for 41822fa4-9f93-4f36-ad5b-ead7d5ea0b8d...
[produceForCompany] Arc 1 Fetched factories for 41822fa4-9f93-4f36-ad5b-ead7d5ea0b8d
[produceForCompany] Arc 1 Fetching productionLines for 41822fa4-9f93-4f36-ad5b-ead7d5ea0b8d...
[produceForCompany] Arc 1 Fetched productionLines for 41822fa4-9f93-4f36-ad5b-ead7d5ea0b8d
[produceForCompany] Arc 1 Fetching factories for 767c2273-94b5-4c11-9675-75b81e7e1510...
[produceForCompany] Arc 1 Fetched factories for 767c2273-94b5-4c11-9675-75b81e7e1510
[produceForCompany] Arc 1 Fetching productionLines for 767c2273-94b5-4c11-9675-75b81e7e1510...
[produceForCompany] Arc 1 Fetched productionLines for 767c2273-94b5-4c11-9675-75b81e7e1510
[produceForCompany] Arc 1 Fetching factories for 6c5b59f5-9f56-4c02-a8bb-c1ada533ab96...
[produceForCompany] Arc 1 Fetched factories for 6c5b59f5-9f56-4c02-a8bb-c1ada533ab96
[produceForCompany] Arc 1 Fetching productionLines for 6c5b59f5-9f56-4c02-a8bb-c1ada533ab96...
[produceForCompany] Arc 1 Fetched productionLines for 6c5b59f5-9f56-4c02-a8bb-c1ada533ab96
[produceForCompany] Arc 1 Fetching factories for 7f4c016c-e7c2-4d7d-8b5a-640c76b81675...
[produceForCompany] Arc 1 Fetched factories for 7f4c016c-e7c2-4d7d-8b5a-640c76b81675
[produceForCompany] Arc 1 Fetching productionLines for 7f4c016c-e7c2-4d7d-8b5a-640c76b81675...
[produceForCompany] Arc 1 Fetched productionLines for 7f4c016c-e7c2-4d7d-8b5a-640c76b81675
[produceForCompany] Arc 1 Fetching factories for 77fe89c2-d1b4-4b0b-8ccd-9ae755ec7626...
[produceForCompany] Arc 1 Fetched factories for 77fe89c2-d1b4-4b0b-8ccd-9ae755ec7626
[produceForCompany] Arc 1 Fetching productionLines for 77fe89c2-d1b4-4b0b-8ccd-9ae755ec7626...
[produceForCompany] Arc 1 Fetched productionLines for 77fe89c2-d1b4-4b0b-8ccd-9ae755ec7626
Finished Arc 9 - res.code=200
Starting Arc 10...
[produceForCompany] Arc 2 Fetching factories for 41822fa4-9f93-4f36-ad5b-ead7d5ea0b8d...
[produceForCompany] Arc 2 Fetched factories for 41822fa4-9f93-4f36-ad5b-ead7d5ea0b8d
[produceForCompany] Arc 2 Fetching productionLines for 41822fa4-9f93-4f36-ad5b-ead7d5ea0b8d...
[produceForCompany] Arc 2 Fetched productionLines for 41822fa4-9f93-4f36-ad5b-ead7d5ea0b8d
[produceForCompany] Arc 2 Fetching factories for 767c2273-94b5-4c11-9675-75b81e7e1510...
[produceForCompany] Arc 2 Fetched factories for 767c2273-94b5-4c11-9675-75b81e7e1510
[produceForCompany] Arc 2 Fetching productionLines for 767c2273-94b5-4c11-9675-75b81e7e1510...
[produceForCompany] Arc 2 Fetched productionLines for 767c2273-94b5-4c11-9675-75b81e7e1510
[produceForCompany] Arc 2 Fetching factories for 6c5b59f5-9f56-4c02-a8bb-c1ada533ab96...
[produceForCompany] Arc 2 Fetched factories for 6c5b59f5-9f56-4c02-a8bb-c1ada533ab96
[produceForCompany] Arc 2 Fetching productionLines for 6c5b59f5-9f56-4c02-a8bb-c1ada533ab96...
[produceForCompany] Arc 2 Fetched productionLines for 6c5b59f5-9f56-4c02-a8bb-c1ada533ab96
[produceForCompany] Arc 2 Fetching factories for 7f4c016c-e7c2-4d7d-8b5a-640c76b81675...
[produceForCompany] Arc 2 Fetched factories for 7f4c016c-e7c2-4d7d-8b5a-640c76b81675
[produceForCompany] Arc 2 Fetching productionLines for 7f4c016c-e7c2-4d7d-8b5a-640c76b81675...
[produceForCompany] Arc 2 Fetched productionLines for 7f4c016c-e7c2-4d7d-8b5a-640c76b81675
[produceForCompany] Arc 2 Fetching factories for 77fe89c2-d1b4-4b0b-8ccd-9ae755ec7626...
[produceForCompany] Arc 2 Fetched factories for 77fe89c2-d1b4-4b0b-8ccd-9ae755ec7626
[produceForCompany] Arc 2 Fetching productionLines for 77fe89c2-d1b4-4b0b-8ccd-9ae755ec7626...
[produceForCompany] Arc 2 Fetched productionLines for 77fe89c2-d1b4-4b0b-8ccd-9ae755ec7626
Finished Arc 10 - res.code=200
Starting Arc 11...
[produceForCompany] Arc 3 Fetching factories for 767c2273-94b5-4c11-9675-75b81e7e1510...
[produceForCompany] Arc 3 Fetched factories for 767c2273-94b5-4c11-9675-75b81e7e1510
[produceForCompany] Arc 3 Fetching productionLines for 767c2273-94b5-4c11-9675-75b81e7e1510...
[produceForCompany] Arc 3 Fetched productionLines for 767c2273-94b5-4c11-9675-75b81e7e1510
[produceForCompany] Arc 3 Fetching factories for 6c5b59f5-9f56-4c02-a8bb-c1ada533ab96...
[produceForCompany] Arc 3 Fetched factories for 6c5b59f5-9f56-4c02-a8bb-c1ada533ab96
[produceForCompany] Arc 3 Fetching productionLines for 6c5b59f5-9f56-4c02-a8bb-c1ada533ab96...
[produceForCompany] Arc 3 Fetched productionLines for 6c5b59f5-9f56-4c02-a8bb-c1ada533ab96
[produceForCompany] Arc 3 Fetching factories for 7f4c016c-e7c2-4d7d-8b5a-640c76b81675...
[produceForCompany] Arc 3 Fetched factories for 7f4c016c-e7c2-4d7d-8b5a-640c76b81675
[produceForCompany] Arc 3 Fetching productionLines for 7f4c016c-e7c2-4d7d-8b5a-640c76b81675...
[produceForCompany] Arc 3 Fetched productionLines for 7f4c016c-e7c2-4d7d-8b5a-640c76b81675
[produceForCompany] Arc 3 Fetching factories for 77fe89c2-d1b4-4b0b-8ccd-9ae755ec7626...
[produceForCompany] Arc 3 Fetched factories for 77fe89c2-d1b4-4b0b-8ccd-9ae755ec7626
[produceForCompany] Arc 3 Fetching productionLines for 77fe89c2-d1b4-4b0b-8ccd-9ae755ec7626...
[produceForCompany] Arc 3 Fetched productionLines for 77fe89c2-d1b4-4b0b-8ccd-9ae755ec7626
[produceForCompany] Arc 3 Fetching factories for 41822fa4-9f93-4f36-ad5b-ead7d5ea0b8d...
[produceForCompany] Arc 3 Fetched factories for 41822fa4-9f93-4f36-ad5b-ead7d5ea0b8d
[produceForCompany] Arc 3 Fetching productionLines for 41822fa4-9f93-4f36-ad5b-ead7d5ea0b8d...
[produceForCompany] Arc 3 Fetched productionLines for 41822fa4-9f93-4f36-ad5b-ead7d5ea0b8d
Finished Arc 11 - res.code=200
Starting Arc 12...
[produceForCompany] Arc 4 Fetching factories for 767c2273-94b5-4c11-9675-75b81e7e1510...
[produceForCompany] Arc 4 Fetched factories for 767c2273-94b5-4c11-9675-75b81e7e1510
[produceForCompany] Arc 4 Fetching productionLines for 767c2273-94b5-4c11-9675-75b81e7e1510...
[produceForCompany] Arc 4 Fetched productionLines for 767c2273-94b5-4c11-9675-75b81e7e1510
[produceForCompany] Arc 4 Fetching factories for 6c5b59f5-9f56-4c02-a8bb-c1ada533ab96...
[produceForCompany] Arc 4 Fetched factories for 6c5b59f5-9f56-4c02-a8bb-c1ada533ab96
[produceForCompany] Arc 4 Fetching productionLines for 6c5b59f5-9f56-4c02-a8bb-c1ada533ab96...
[produceForCompany] Arc 4 Fetched productionLines for 6c5b59f5-9f56-4c02-a8bb-c1ada533ab96
[produceForCompany] Arc 4 Fetching factories for 7f4c016c-e7c2-4d7d-8b5a-640c76b81675...
[produceForCompany] Arc 4 Fetched factories for 7f4c016c-e7c2-4d7d-8b5a-640c76b81675
[produceForCompany] Arc 4 Fetching productionLines for 7f4c016c-e7c2-4d7d-8b5a-640c76b81675...
[produceForCompany] Arc 4 Fetched productionLines for 7f4c016c-e7c2-4d7d-8b5a-640c76b81675
[produceForCompany] Arc 4 Fetching factories for 77fe89c2-d1b4-4b0b-8ccd-9ae755ec7626...
[produceForCompany] Arc 4 Fetched factories for 77fe89c2-d1b4-4b0b-8ccd-9ae755ec7626
[produceForCompany] Arc 4 Fetching productionLines for 77fe89c2-d1b4-4b0b-8ccd-9ae755ec7626...
[produceForCompany] Arc 4 Fetched productionLines for 77fe89c2-d1b4-4b0b-8ccd-9ae755ec7626
[produceForCompany] Arc 4 Fetching factories for 41822fa4-9f93-4f36-ad5b-ead7d5ea0b8d...
[produceForCompany] Arc 4 Fetched factories for 41822fa4-9f93-4f36-ad5b-ead7d5ea0b8d
[produceForCompany] Arc 4 Fetching productionLines for 41822fa4-9f93-4f36-ad5b-ead7d5ea0b8d...
[produceForCompany] Arc 4 Fetched productionLines for 41822fa4-9f93-4f36-ad5b-ead7d5ea0b8d
Finished Arc 12 - res.code=200
Starting Arc 13...
[produceForCompany] Arc 5 Fetching factories for 767c2273-94b5-4c11-9675-75b81e7e1510...
[produceForCompany] Arc 5 Fetched factories for 767c2273-94b5-4c11-9675-75b81e7e1510
[produceForCompany] Arc 5 Fetching productionLines for 767c2273-94b5-4c11-9675-75b81e7e1510...
[produceForCompany] Arc 5 Fetched productionLines for 767c2273-94b5-4c11-9675-75b81e7e1510
[produceForCompany] Arc 5 Fetching factories for 6c5b59f5-9f56-4c02-a8bb-c1ada533ab96...
[produceForCompany] Arc 5 Fetched factories for 6c5b59f5-9f56-4c02-a8bb-c1ada533ab96
[produceForCompany] Arc 5 Fetching productionLines for 6c5b59f5-9f56-4c02-a8bb-c1ada533ab96...
[produceForCompany] Arc 5 Fetched productionLines for 6c5b59f5-9f56-4c02-a8bb-c1ada533ab96
[produceForCompany] Arc 5 Fetching factories for 7f4c016c-e7c2-4d7d-8b5a-640c76b81675...
[produceForCompany] Arc 5 Fetched factories for 7f4c016c-e7c2-4d7d-8b5a-640c76b81675
[produceForCompany] Arc 5 Fetching productionLines for 7f4c016c-e7c2-4d7d-8b5a-640c76b81675...
[produceForCompany] Arc 5 Fetched productionLines for 7f4c016c-e7c2-4d7d-8b5a-640c76b81675
[produceForCompany] Arc 5 Fetching factories for 77fe89c2-d1b4-4b0b-8ccd-9ae755ec7626...
[produceForCompany] Arc 5 Fetched factories for 77fe89c2-d1b4-4b0b-8ccd-9ae755ec7626
[produceForCompany] Arc 5 Fetching productionLines for 77fe89c2-d1b4-4b0b-8ccd-9ae755ec7626...
[produceForCompany] Arc 5 Fetched productionLines for 77fe89c2-d1b4-4b0b-8ccd-9ae755ec7626
[produceForCompany] Arc 5 Fetching factories for 41822fa4-9f93-4f36-ad5b-ead7d5ea0b8d...
[produceForCompany] Arc 5 Fetched factories for 41822fa4-9f93-4f36-ad5b-ead7d5ea0b8d
[produceForCompany] Arc 5 Fetching productionLines for 41822fa4-9f93-4f36-ad5b-ead7d5ea0b8d...
[produceForCompany] Arc 5 Fetched productionLines for 41822fa4-9f93-4f36-ad5b-ead7d5ea0b8d
Finished Arc 13 - res.code=200
Starting Arc 14...
[produceForCompany] Arc 6 Fetching factories for 41822fa4-9f93-4f36-ad5b-ead7d5ea0b8d...
[produceForCompany] Arc 6 Fetched factories for 41822fa4-9f93-4f36-ad5b-ead7d5ea0b8d
[produceForCompany] Arc 6 Fetching productionLines for 41822fa4-9f93-4f36-ad5b-ead7d5ea0b8d...
[produceForCompany] Arc 6 Fetched productionLines for 41822fa4-9f93-4f36-ad5b-ead7d5ea0b8d
[produceForCompany] Arc 6 Fetching factories for 767c2273-94b5-4c11-9675-75b81e7e1510...
[produceForCompany] Arc 6 Fetched factories for 767c2273-94b5-4c11-9675-75b81e7e1510
[produceForCompany] Arc 6 Fetching productionLines for 767c2273-94b5-4c11-9675-75b81e7e1510...
[produceForCompany] Arc 6 Fetched productionLines for 767c2273-94b5-4c11-9675-75b81e7e1510
[produceForCompany] Arc 6 Fetching factories for 6c5b59f5-9f56-4c02-a8bb-c1ada533ab96...
[produceForCompany] Arc 6 Fetched factories for 6c5b59f5-9f56-4c02-a8bb-c1ada533ab96
[produceForCompany] Arc 6 Fetching productionLines for 6c5b59f5-9f56-4c02-a8bb-c1ada533ab96...
[produceForCompany] Arc 6 Fetched productionLines for 6c5b59f5-9f56-4c02-a8bb-c1ada533ab96
[produceForCompany] Arc 6 Fetching factories for 7f4c016c-e7c2-4d7d-8b5a-640c76b81675...
[produceForCompany] Arc 6 Fetched factories for 7f4c016c-e7c2-4d7d-8b5a-640c76b81675
[produceForCompany] Arc 6 Fetching productionLines for 7f4c016c-e7c2-4d7d-8b5a-640c76b81675...
[produceForCompany] Arc 6 Fetched productionLines for 7f4c016c-e7c2-4d7d-8b5a-640c76b81675
[produceForCompany] Arc 6 Fetching factories for 77fe89c2-d1b4-4b0b-8ccd-9ae755ec7626...
[produceForCompany] Arc 6 Fetched factories for 77fe89c2-d1b4-4b0b-8ccd-9ae755ec7626
[produceForCompany] Arc 6 Fetching productionLines for 77fe89c2-d1b4-4b0b-8ccd-9ae755ec7626...
[produceForCompany] Arc 6 Fetched productionLines for 77fe89c2-d1b4-4b0b-8ccd-9ae755ec7626
Finished Arc 14 - res.code=200
Starting Arc 15...
[produceForCompany] Arc 7 Fetching factories for 41822fa4-9f93-4f36-ad5b-ead7d5ea0b8d...
[produceForCompany] Arc 7 Fetched factories for 41822fa4-9f93-4f36-ad5b-ead7d5ea0b8d
[produceForCompany] Arc 7 Fetching productionLines for 41822fa4-9f93-4f36-ad5b-ead7d5ea0b8d...
[produceForCompany] Arc 7 Fetched productionLines for 41822fa4-9f93-4f36-ad5b-ead7d5ea0b8d
[produceForCompany] Arc 7 Fetching factories for 767c2273-94b5-4c11-9675-75b81e7e1510...
[produceForCompany] Arc 7 Fetched factories for 767c2273-94b5-4c11-9675-75b81e7e1510
[produceForCompany] Arc 7 Fetching productionLines for 767c2273-94b5-4c11-9675-75b81e7e1510...
[produceForCompany] Arc 7 Fetched productionLines for 767c2273-94b5-4c11-9675-75b81e7e1510
[produceForCompany] Arc 7 Fetching factories for 6c5b59f5-9f56-4c02-a8bb-c1ada533ab96...
[produceForCompany] Arc 7 Fetched factories for 6c5b59f5-9f56-4c02-a8bb-c1ada533ab96
[produceForCompany] Arc 7 Fetching productionLines for 6c5b59f5-9f56-4c02-a8bb-c1ada533ab96...
[produceForCompany] Arc 7 Fetched productionLines for 6c5b59f5-9f56-4c02-a8bb-c1ada533ab96
[produceForCompany] Arc 7 Fetching factories for 7f4c016c-e7c2-4d7d-8b5a-640c76b81675...
[produceForCompany] Arc 7 Fetched factories for 7f4c016c-e7c2-4d7d-8b5a-640c76b81675
[produceForCompany] Arc 7 Fetching productionLines for 7f4c016c-e7c2-4d7d-8b5a-640c76b81675...
[produceForCompany] Arc 7 Fetched productionLines for 7f4c016c-e7c2-4d7d-8b5a-640c76b81675
[produceForCompany] Arc 7 Fetching factories for 77fe89c2-d1b4-4b0b-8ccd-9ae755ec7626...
[produceForCompany] Arc 7 Fetched factories for 77fe89c2-d1b4-4b0b-8ccd-9ae755ec7626
[produceForCompany] Arc 7 Fetching productionLines for 77fe89c2-d1b4-4b0b-8ccd-9ae755ec7626...
[produceForCompany] Arc 7 Fetched productionLines for 77fe89c2-d1b4-4b0b-8ccd-9ae755ec7626
Finished Arc 15 - res.code=200
Starting Arc 16...
[produceForCompany] Arc 8 Fetching factories for 41822fa4-9f93-4f36-ad5b-ead7d5ea0b8d...
[produceForCompany] Arc 8 Fetched factories for 41822fa4-9f93-4f36-ad5b-ead7d5ea0b8d
[produceForCompany] Arc 8 Fetching productionLines for 41822fa4-9f93-4f36-ad5b-ead7d5ea0b8d...
[produceForCompany] Arc 8 Fetched productionLines for 41822fa4-9f93-4f36-ad5b-ead7d5ea0b8d
[produceForCompany] Arc 8 Fetching factories for 767c2273-94b5-4c11-9675-75b81e7e1510...
[produceForCompany] Arc 8 Fetched factories for 767c2273-94b5-4c11-9675-75b81e7e1510
[produceForCompany] Arc 8 Fetching productionLines for 767c2273-94b5-4c11-9675-75b81e7e1510...
[produceForCompany] Arc 8 Fetched productionLines for 767c2273-94b5-4c11-9675-75b81e7e1510
[produceForCompany] Arc 8 Fetching factories for 6c5b59f5-9f56-4c02-a8bb-c1ada533ab96...
[produceForCompany] Arc 8 Fetched factories for 6c5b59f5-9f56-4c02-a8bb-c1ada533ab96
[produceForCompany] Arc 8 Fetching productionLines for 6c5b59f5-9f56-4c02-a8bb-c1ada533ab96...
[produceForCompany] Arc 8 Fetched productionLines for 6c5b59f5-9f56-4c02-a8bb-c1ada533ab96
[produceForCompany] Arc 8 Fetching factories for 7f4c016c-e7c2-4d7d-8b5a-640c76b81675...
[produceForCompany] Arc 8 Fetched factories for 7f4c016c-e7c2-4d7d-8b5a-640c76b81675
[produceForCompany] Arc 8 Fetching productionLines for 7f4c016c-e7c2-4d7d-8b5a-640c76b81675...
[produceForCompany] Arc 8 Fetched productionLines for 7f4c016c-e7c2-4d7d-8b5a-640c76b81675
[produceForCompany] Arc 8 Fetching factories for 77fe89c2-d1b4-4b0b-8ccd-9ae755ec7626...
[produceForCompany] Arc 8 Fetched factories for 77fe89c2-d1b4-4b0b-8ccd-9ae755ec7626
[produceForCompany] Arc 8 Fetching productionLines for 77fe89c2-d1b4-4b0b-8ccd-9ae755ec7626...
[produceForCompany] Arc 8 Fetched productionLines for 77fe89c2-d1b4-4b0b-8ccd-9ae755ec7626
Finished Arc 16 - res.code=200
Starting Arc 17...
[produceForCompany] Arc 1 Fetching factories for 767c2273-94b5-4c11-9675-75b81e7e1510...
[produceForCompany] Arc 1 Fetched factories for 767c2273-94b5-4c11-9675-75b81e7e1510
[produceForCompany] Arc 1 Fetching productionLines for 767c2273-94b5-4c11-9675-75b81e7e1510...
[produceForCompany] Arc 1 Fetched productionLines for 767c2273-94b5-4c11-9675-75b81e7e1510
[produceForCompany] Arc 1 Fetching factories for 6c5b59f5-9f56-4c02-a8bb-c1ada533ab96...
[produceForCompany] Arc 1 Fetched factories for 6c5b59f5-9f56-4c02-a8bb-c1ada533ab96
[produceForCompany] Arc 1 Fetching productionLines for 6c5b59f5-9f56-4c02-a8bb-c1ada533ab96...
[produceForCompany] Arc 1 Fetched productionLines for 6c5b59f5-9f56-4c02-a8bb-c1ada533ab96
[produceForCompany] Arc 1 Fetching factories for 7f4c016c-e7c2-4d7d-8b5a-640c76b81675...
[produceForCompany] Arc 1 Fetched factories for 7f4c016c-e7c2-4d7d-8b5a-640c76b81675
[produceForCompany] Arc 1 Fetching productionLines for 7f4c016c-e7c2-4d7d-8b5a-640c76b81675...
[produceForCompany] Arc 1 Fetched productionLines for 7f4c016c-e7c2-4d7d-8b5a-640c76b81675
[produceForCompany] Arc 1 Fetching factories for 77fe89c2-d1b4-4b0b-8ccd-9ae755ec7626...
[produceForCompany] Arc 1 Fetched factories for 77fe89c2-d1b4-4b0b-8ccd-9ae755ec7626
[produceForCompany] Arc 1 Fetching productionLines for 77fe89c2-d1b4-4b0b-8ccd-9ae755ec7626...
[produceForCompany] Arc 1 Fetched productionLines for 77fe89c2-d1b4-4b0b-8ccd-9ae755ec7626
[produceForCompany] Arc 1 Fetching factories for 41822fa4-9f93-4f36-ad5b-ead7d5ea0b8d...
[produceForCompany] Arc 1 Fetched factories for 41822fa4-9f93-4f36-ad5b-ead7d5ea0b8d
[produceForCompany] Arc 1 Fetching productionLines for 41822fa4-9f93-4f36-ad5b-ead7d5ea0b8d...
[produceForCompany] Arc 1 Fetched productionLines for 41822fa4-9f93-4f36-ad5b-ead7d5ea0b8d
Finished Arc 17 - res.code=200
Starting Arc 18...
[produceForCompany] Arc 2 Fetching factories for 767c2273-94b5-4c11-9675-75b81e7e1510...
[produceForCompany] Arc 2 Fetched factories for 767c2273-94b5-4c11-9675-75b81e7e1510
[produceForCompany] Arc 2 Fetching productionLines for 767c2273-94b5-4c11-9675-75b81e7e1510...
[produceForCompany] Arc 2 Fetched productionLines for 767c2273-94b5-4c11-9675-75b81e7e1510
[produceForCompany] Arc 2 Fetching factories for 6c5b59f5-9f56-4c02-a8bb-c1ada533ab96...
[produceForCompany] Arc 2 Fetched factories for 6c5b59f5-9f56-4c02-a8bb-c1ada533ab96
[produceForCompany] Arc 2 Fetching productionLines for 6c5b59f5-9f56-4c02-a8bb-c1ada533ab96...
[produceForCompany] Arc 2 Fetched productionLines for 6c5b59f5-9f56-4c02-a8bb-c1ada533ab96
[produceForCompany] Arc 2 Fetching factories for 7f4c016c-e7c2-4d7d-8b5a-640c76b81675...
[produceForCompany] Arc 2 Fetched factories for 7f4c016c-e7c2-4d7d-8b5a-640c76b81675
[produceForCompany] Arc 2 Fetching productionLines for 7f4c016c-e7c2-4d7d-8b5a-640c76b81675...
[produceForCompany] Arc 2 Fetched productionLines for 7f4c016c-e7c2-4d7d-8b5a-640c76b81675
[produceForCompany] Arc 2 Fetching factories for 77fe89c2-d1b4-4b0b-8ccd-9ae755ec7626...
[produceForCompany] Arc 2 Fetched factories for 77fe89c2-d1b4-4b0b-8ccd-9ae755ec7626
[produceForCompany] Arc 2 Fetching productionLines for 77fe89c2-d1b4-4b0b-8ccd-9ae755ec7626...
[produceForCompany] Arc 2 Fetched productionLines for 77fe89c2-d1b4-4b0b-8ccd-9ae755ec7626
[produceForCompany] Arc 2 Fetching factories for 41822fa4-9f93-4f36-ad5b-ead7d5ea0b8d...
[produceForCompany] Arc 2 Fetched factories for 41822fa4-9f93-4f36-ad5b-ead7d5ea0b8d
[produceForCompany] Arc 2 Fetching productionLines for 41822fa4-9f93-4f36-ad5b-ead7d5ea0b8d...
[produceForCompany] Arc 2 Fetched productionLines for 41822fa4-9f93-4f36-ad5b-ead7d5ea0b8d
Finished Arc 18 - res.code=200
Starting Arc 19...
[produceForCompany] Arc 3 Fetching factories for 767c2273-94b5-4c11-9675-75b81e7e1510...
[produceForCompany] Arc 3 Fetched factories for 767c2273-94b5-4c11-9675-75b81e7e1510
[produceForCompany] Arc 3 Fetching productionLines for 767c2273-94b5-4c11-9675-75b81e7e1510...
[produceForCompany] Arc 3 Fetched productionLines for 767c2273-94b5-4c11-9675-75b81e7e1510
[produceForCompany] Arc 3 Fetching factories for 6c5b59f5-9f56-4c02-a8bb-c1ada533ab96...
[produceForCompany] Arc 3 Fetched factories for 6c5b59f5-9f56-4c02-a8bb-c1ada533ab96
[produceForCompany] Arc 3 Fetching productionLines for 6c5b59f5-9f56-4c02-a8bb-c1ada533ab96...
[produceForCompany] Arc 3 Fetched productionLines for 6c5b59f5-9f56-4c02-a8bb-c1ada533ab96
[produceForCompany] Arc 3 Fetching factories for 7f4c016c-e7c2-4d7d-8b5a-640c76b81675...
[produceForCompany] Arc 3 Fetched factories for 7f4c016c-e7c2-4d7d-8b5a-640c76b81675
[produceForCompany] Arc 3 Fetching productionLines for 7f4c016c-e7c2-4d7d-8b5a-640c76b81675...
[produceForCompany] Arc 3 Fetched productionLines for 7f4c016c-e7c2-4d7d-8b5a-640c76b81675
[produceForCompany] Arc 3 Fetching factories for 77fe89c2-d1b4-4b0b-8ccd-9ae755ec7626...
[produceForCompany] Arc 3 Fetched factories for 77fe89c2-d1b4-4b0b-8ccd-9ae755ec7626
[produceForCompany] Arc 3 Fetching productionLines for 77fe89c2-d1b4-4b0b-8ccd-9ae755ec7626...
[produceForCompany] Arc 3 Fetched productionLines for 77fe89c2-d1b4-4b0b-8ccd-9ae755ec7626
[produceForCompany] Arc 3 Fetching factories for 41822fa4-9f93-4f36-ad5b-ead7d5ea0b8d...
[produceForCompany] Arc 3 Fetched factories for 41822fa4-9f93-4f36-ad5b-ead7d5ea0b8d
[produceForCompany] Arc 3 Fetching productionLines for 41822fa4-9f93-4f36-ad5b-ead7d5ea0b8d...
[produceForCompany] Arc 3 Fetched productionLines for 41822fa4-9f93-4f36-ad5b-ead7d5ea0b8d
Finished Arc 19 - res.code=200
Starting Arc 20...
[produceForCompany] Arc 4 Fetching factories for 41822fa4-9f93-4f36-ad5b-ead7d5ea0b8d...
[produceForCompany] Arc 4 Fetched factories for 41822fa4-9f93-4f36-ad5b-ead7d5ea0b8d
[produceForCompany] Arc 4 Fetching productionLines for 41822fa4-9f93-4f36-ad5b-ead7d5ea0b8d...
[produceForCompany] Arc 4 Fetched productionLines for 41822fa4-9f93-4f36-ad5b-ead7d5ea0b8d
[produceForCompany] Arc 4 Fetching factories for 767c2273-94b5-4c11-9675-75b81e7e1510...
[produceForCompany] Arc 4 Fetched factories for 767c2273-94b5-4c11-9675-75b81e7e1510
[produceForCompany] Arc 4 Fetching productionLines for 767c2273-94b5-4c11-9675-75b81e7e1510...
[produceForCompany] Arc 4 Fetched productionLines for 767c2273-94b5-4c11-9675-75b81e7e1510
[produceForCompany] Arc 4 Fetching factories for 6c5b59f5-9f56-4c02-a8bb-c1ada533ab96...
[produceForCompany] Arc 4 Fetched factories for 6c5b59f5-9f56-4c02-a8bb-c1ada533ab96
[produceForCompany] Arc 4 Fetching productionLines for 6c5b59f5-9f56-4c02-a8bb-c1ada533ab96...
[produceForCompany] Arc 4 Fetched productionLines for 6c5b59f5-9f56-4c02-a8bb-c1ada533ab96
[produceForCompany] Arc 4 Fetching factories for 7f4c016c-e7c2-4d7d-8b5a-640c76b81675...
[produceForCompany] Arc 4 Fetched factories for 7f4c016c-e7c2-4d7d-8b5a-640c76b81675
[produceForCompany] Arc 4 Fetching productionLines for 7f4c016c-e7c2-4d7d-8b5a-640c76b81675...
[produceForCompany] Arc 4 Fetched productionLines for 7f4c016c-e7c2-4d7d-8b5a-640c76b81675
[produceForCompany] Arc 4 Fetching factories for 77fe89c2-d1b4-4b0b-8ccd-9ae755ec7626...
[produceForCompany] Arc 4 Fetched factories for 77fe89c2-d1b4-4b0b-8ccd-9ae755ec7626
[produceForCompany] Arc 4 Fetching productionLines for 77fe89c2-d1b4-4b0b-8ccd-9ae755ec7626...
[produceForCompany] Arc 4 Fetched productionLines for 77fe89c2-d1b4-4b0b-8ccd-9ae755ec7626
Finished Arc 20 - res.code=200
Starting Arc 21...
[produceForCompany] Arc 5 Fetching factories for 41822fa4-9f93-4f36-ad5b-ead7d5ea0b8d...
[produceForCompany] Arc 5 Fetched factories for 41822fa4-9f93-4f36-ad5b-ead7d5ea0b8d
[produceForCompany] Arc 5 Fetching productionLines for 41822fa4-9f93-4f36-ad5b-ead7d5ea0b8d...
[produceForCompany] Arc 5 Fetched productionLines for 41822fa4-9f93-4f36-ad5b-ead7d5ea0b8d
[produceForCompany] Arc 5 Fetching factories for 767c2273-94b5-4c11-9675-75b81e7e1510...
[produceForCompany] Arc 5 Fetched factories for 767c2273-94b5-4c11-9675-75b81e7e1510
[produceForCompany] Arc 5 Fetching productionLines for 767c2273-94b5-4c11-9675-75b81e7e1510...
[produceForCompany] Arc 5 Fetched productionLines for 767c2273-94b5-4c11-9675-75b81e7e1510
[produceForCompany] Arc 5 Fetching factories for 6c5b59f5-9f56-4c02-a8bb-c1ada533ab96...
[produceForCompany] Arc 5 Fetched factories for 6c5b59f5-9f56-4c02-a8bb-c1ada533ab96
[produceForCompany] Arc 5 Fetching productionLines for 6c5b59f5-9f56-4c02-a8bb-c1ada533ab96...
[produceForCompany] Arc 5 Fetched productionLines for 6c5b59f5-9f56-4c02-a8bb-c1ada533ab96
[produceForCompany] Arc 5 Fetching factories for 7f4c016c-e7c2-4d7d-8b5a-640c76b81675...
[produceForCompany] Arc 5 Fetched factories for 7f4c016c-e7c2-4d7d-8b5a-640c76b81675
[produceForCompany] Arc 5 Fetching productionLines for 7f4c016c-e7c2-4d7d-8b5a-640c76b81675...
[produceForCompany] Arc 5 Fetched productionLines for 7f4c016c-e7c2-4d7d-8b5a-640c76b81675
[produceForCompany] Arc 5 Fetching factories for 77fe89c2-d1b4-4b0b-8ccd-9ae755ec7626...
[produceForCompany] Arc 5 Fetched factories for 77fe89c2-d1b4-4b0b-8ccd-9ae755ec7626
[produceForCompany] Arc 5 Fetching productionLines for 77fe89c2-d1b4-4b0b-8ccd-9ae755ec7626...
[produceForCompany] Arc 5 Fetched productionLines for 77fe89c2-d1b4-4b0b-8ccd-9ae755ec7626
Finished Arc 21 - res.code=200
Starting Arc 22...
[produceForCompany] Arc 6 Fetching factories for 41822fa4-9f93-4f36-ad5b-ead7d5ea0b8d...
[produceForCompany] Arc 6 Fetched factories for 41822fa4-9f93-4f36-ad5b-ead7d5ea0b8d
[produceForCompany] Arc 6 Fetching productionLines for 41822fa4-9f93-4f36-ad5b-ead7d5ea0b8d...
[produceForCompany] Arc 6 Fetched productionLines for 41822fa4-9f93-4f36-ad5b-ead7d5ea0b8d
[produceForCompany] Arc 6 Fetching factories for 767c2273-94b5-4c11-9675-75b81e7e1510...
[produceForCompany] Arc 6 Fetched factories for 767c2273-94b5-4c11-9675-75b81e7e1510
[produceForCompany] Arc 6 Fetching productionLines for 767c2273-94b5-4c11-9675-75b81e7e1510...
[produceForCompany] Arc 6 Fetched productionLines for 767c2273-94b5-4c11-9675-75b81e7e1510
[produceForCompany] Arc 6 Fetching factories for 6c5b59f5-9f56-4c02-a8bb-c1ada533ab96...
[produceForCompany] Arc 6 Fetched factories for 6c5b59f5-9f56-4c02-a8bb-c1ada533ab96
[produceForCompany] Arc 6 Fetching productionLines for 6c5b59f5-9f56-4c02-a8bb-c1ada533ab96...
[produceForCompany] Arc 6 Fetched productionLines for 6c5b59f5-9f56-4c02-a8bb-c1ada533ab96
[produceForCompany] Arc 6 Fetching factories for 7f4c016c-e7c2-4d7d-8b5a-640c76b81675...
[produceForCompany] Arc 6 Fetched factories for 7f4c016c-e7c2-4d7d-8b5a-640c76b81675
[produceForCompany] Arc 6 Fetching productionLines for 7f4c016c-e7c2-4d7d-8b5a-640c76b81675...
[produceForCompany] Arc 6 Fetched productionLines for 7f4c016c-e7c2-4d7d-8b5a-640c76b81675
[produceForCompany] Arc 6 Fetching factories for 77fe89c2-d1b4-4b0b-8ccd-9ae755ec7626...
[produceForCompany] Arc 6 Fetched factories for 77fe89c2-d1b4-4b0b-8ccd-9ae755ec7626
[produceForCompany] Arc 6 Fetching productionLines for 77fe89c2-d1b4-4b0b-8ccd-9ae755ec7626...
[produceForCompany] Arc 6 Fetched productionLines for 77fe89c2-d1b4-4b0b-8ccd-9ae755ec7626
Finished Arc 22 - res.code=200
Starting Arc 23...
[produceForCompany] Arc 7 Fetching factories for 767c2273-94b5-4c11-9675-75b81e7e1510...
[produceForCompany] Arc 7 Fetched factories for 767c2273-94b5-4c11-9675-75b81e7e1510
[produceForCompany] Arc 7 Fetching productionLines for 767c2273-94b5-4c11-9675-75b81e7e1510...
[produceForCompany] Arc 7 Fetched productionLines for 767c2273-94b5-4c11-9675-75b81e7e1510
[produceForCompany] Arc 7 Fetching factories for 6c5b59f5-9f56-4c02-a8bb-c1ada533ab96...
[produceForCompany] Arc 7 Fetched factories for 6c5b59f5-9f56-4c02-a8bb-c1ada533ab96
[produceForCompany] Arc 7 Fetching productionLines for 6c5b59f5-9f56-4c02-a8bb-c1ada533ab96...
[produceForCompany] Arc 7 Fetched productionLines for 6c5b59f5-9f56-4c02-a8bb-c1ada533ab96
[produceForCompany] Arc 7 Fetching factories for 7f4c016c-e7c2-4d7d-8b5a-640c76b81675...
[produceForCompany] Arc 7 Fetched factories for 7f4c016c-e7c2-4d7d-8b5a-640c76b81675
[produceForCompany] Arc 7 Fetching productionLines for 7f4c016c-e7c2-4d7d-8b5a-640c76b81675...
[produceForCompany] Arc 7 Fetched productionLines for 7f4c016c-e7c2-4d7d-8b5a-640c76b81675
[produceForCompany] Arc 7 Fetching factories for 77fe89c2-d1b4-4b0b-8ccd-9ae755ec7626...
[produceForCompany] Arc 7 Fetched factories for 77fe89c2-d1b4-4b0b-8ccd-9ae755ec7626
[produceForCompany] Arc 7 Fetching productionLines for 77fe89c2-d1b4-4b0b-8ccd-9ae755ec7626...
[produceForCompany] Arc 7 Fetched productionLines for 77fe89c2-d1b4-4b0b-8ccd-9ae755ec7626
[produceForCompany] Arc 7 Fetching factories for 41822fa4-9f93-4f36-ad5b-ead7d5ea0b8d...
[produceForCompany] Arc 7 Fetched factories for 41822fa4-9f93-4f36-ad5b-ead7d5ea0b8d
[produceForCompany] Arc 7 Fetching productionLines for 41822fa4-9f93-4f36-ad5b-ead7d5ea0b8d...
[produceForCompany] Arc 7 Fetched productionLines for 41822fa4-9f93-4f36-ad5b-ead7d5ea0b8d
Finished Arc 23 - res.code=200
Starting Arc 24...
[produceForCompany] Arc 8 Fetching factories for 767c2273-94b5-4c11-9675-75b81e7e1510...
[produceForCompany] Arc 8 Fetched factories for 767c2273-94b5-4c11-9675-75b81e7e1510
[produceForCompany] Arc 8 Fetching productionLines for 767c2273-94b5-4c11-9675-75b81e7e1510...
[produceForCompany] Arc 8 Fetched productionLines for 767c2273-94b5-4c11-9675-75b81e7e1510
[produceForCompany] Arc 8 Fetching factories for 6c5b59f5-9f56-4c02-a8bb-c1ada533ab96...
[produceForCompany] Arc 8 Fetched factories for 6c5b59f5-9f56-4c02-a8bb-c1ada533ab96
[produceForCompany] Arc 8 Fetching productionLines for 6c5b59f5-9f56-4c02-a8bb-c1ada533ab96...
[produceForCompany] Arc 8 Fetched productionLines for 6c5b59f5-9f56-4c02-a8bb-c1ada533ab96
[produceForCompany] Arc 8 Fetching factories for 7f4c016c-e7c2-4d7d-8b5a-640c76b81675...
[produceForCompany] Arc 8 Fetched factories for 7f4c016c-e7c2-4d7d-8b5a-640c76b81675
[produceForCompany] Arc 8 Fetching productionLines for 7f4c016c-e7c2-4d7d-8b5a-640c76b81675...
[produceForCompany] Arc 8 Fetched productionLines for 7f4c016c-e7c2-4d7d-8b5a-640c76b81675
[produceForCompany] Arc 8 Fetching factories for 77fe89c2-d1b4-4b0b-8ccd-9ae755ec7626...
[produceForCompany] Arc 8 Fetched factories for 77fe89c2-d1b4-4b0b-8ccd-9ae755ec7626
[produceForCompany] Arc 8 Fetching productionLines for 77fe89c2-d1b4-4b0b-8ccd-9ae755ec7626...
[produceForCompany] Arc 8 Fetched productionLines for 77fe89c2-d1b4-4b0b-8ccd-9ae755ec7626
[produceForCompany] Arc 8 Fetching factories for 41822fa4-9f93-4f36-ad5b-ead7d5ea0b8d...
[produceForCompany] Arc 8 Fetched factories for 41822fa4-9f93-4f36-ad5b-ead7d5ea0b8d
[produceForCompany] Arc 8 Fetching productionLines for 41822fa4-9f93-4f36-ad5b-ead7d5ea0b8d...
[produceForCompany] Arc 8 Fetched productionLines for 41822fa4-9f93-4f36-ad5b-ead7d5ea0b8d
Finished Arc 24 - res.code=200
Assertions

--- ARC 1 ---
ΓöîΓöÇΓöÇΓöÇΓöÇΓöÇΓöÇΓöÇΓöÇΓöÇΓö¼ΓöÇΓöÇΓöÇΓöÇΓöÇΓöÇΓöÇΓöÇΓöÇΓöÇΓöÇΓöÇΓöÇΓöÇΓöÇΓöÇΓöÇΓöÇΓöÇΓö¼ΓöÇΓöÇΓöÇΓöÇΓöÇΓöÇΓöÇΓöÇΓöÇΓöÇΓö¼ΓöÇΓöÇΓöÇΓöÇΓöÇΓöÇΓöÇΓöÇΓöÇΓöÇΓöÇΓöÇΓöÇΓö¼ΓöÇΓöÇΓöÇΓöÇΓöÇΓöÇΓöÇΓö¼ΓöÇΓöÇΓöÇΓöÇΓöÇΓöÇΓöÇΓöÇΓöÇΓöÇΓöÇΓöÇΓöÇΓöÇΓöÇΓö¼ΓöÇΓöÇΓöÇΓöÇΓöÇΓöÇΓöÇΓöÇΓöÇΓöÇΓöÇΓö¼ΓöÇΓöÇΓöÇΓöÇΓöÇΓöÇΓöÇΓöÇΓöÇΓöÇΓöÇΓö¼ΓöÇΓöÇΓöÇΓöÇΓöÇΓöÇΓöÇΓöÇΓöÇΓöÇΓöÇΓöÇΓö¼ΓöÇΓöÇΓöÇΓöÇΓöÇΓöÇΓöÇΓöÇΓöÇΓöÇΓöÇΓöÇΓöÇΓöÉ
Γöé (index) Γöé NPC               Γöé Status   Γöé Cash        Γöé Price Γöé UnitsProduced Γöé UnitsSold Γöé Inventory Γöé ReasonCode Γöé MarketShare Γöé
Γö£ΓöÇΓöÇΓöÇΓöÇΓöÇΓöÇΓöÇΓöÇΓöÇΓö╝ΓöÇΓöÇΓöÇΓöÇΓöÇΓöÇΓöÇΓöÇΓöÇΓöÇΓöÇΓöÇΓöÇΓöÇΓöÇΓöÇΓöÇΓöÇΓöÇΓö╝ΓöÇΓöÇΓöÇΓöÇΓöÇΓöÇΓöÇΓöÇΓöÇΓöÇΓö╝ΓöÇΓöÇΓöÇΓöÇΓöÇΓöÇΓöÇΓöÇΓöÇΓöÇΓöÇΓöÇΓöÇΓö╝ΓöÇΓöÇΓöÇΓöÇΓöÇΓöÇΓöÇΓö╝ΓöÇΓöÇΓöÇΓöÇΓöÇΓöÇΓöÇΓöÇΓöÇΓöÇΓöÇΓöÇΓöÇΓöÇΓöÇΓö╝ΓöÇΓöÇΓöÇΓöÇΓöÇΓöÇΓöÇΓöÇΓöÇΓöÇΓöÇΓö╝ΓöÇΓöÇΓöÇΓöÇΓöÇΓöÇΓöÇΓöÇΓöÇΓöÇΓöÇΓö╝ΓöÇΓöÇΓöÇΓöÇΓöÇΓöÇΓöÇΓöÇΓöÇΓöÇΓöÇΓöÇΓö╝ΓöÇΓöÇΓöÇΓöÇΓöÇΓöÇΓöÇΓöÇΓöÇΓöÇΓöÇΓöÇΓöÇΓöñ
Γöé 0       Γöé 'Apex Automobili' Γöé 'active' Γöé '13,79,030' Γöé 58000 Γöé 39            Γöé 12        Γöé 27        Γöé 'Balanced' Γöé '95.7%'     Γöé
Γöé 1       Γöé 'HaulPro'         Γöé 'active' Γöé '15,66,540' Γöé 34000 Γöé 78            Γöé 30        Γöé 48        Γöé 'Balanced' Γöé '97.8%'     Γöé
Γöé 2       Γöé 'Valuecorp'       Γöé 'active' Γöé '9,85,160'  Γöé 14500 Γöé 97            Γöé 33        Γöé 64        Γöé 'Balanced' Γöé '99.0%'     Γöé
Γöé 3       Γöé 'Veridian Motors' Γöé 'active' Γöé '17,85,164' Γöé 27000 Γöé 88            Γöé 36        Γöé 52        Γöé 'Balanced' Γöé '98.2%'     Γöé
ΓööΓöÇΓöÇΓöÇΓöÇΓöÇΓöÇΓöÇΓöÇΓöÇΓö┤ΓöÇΓöÇΓöÇΓöÇΓöÇΓöÇΓöÇΓöÇΓöÇΓöÇΓöÇΓöÇΓöÇΓöÇΓöÇΓöÇΓöÇΓöÇΓöÇΓö┤ΓöÇΓöÇΓöÇΓöÇΓöÇΓöÇΓöÇΓöÇΓöÇΓöÇΓö┤ΓöÇΓöÇΓöÇΓöÇΓöÇΓöÇΓöÇΓöÇΓöÇΓöÇΓöÇΓöÇΓöÇΓö┤ΓöÇΓöÇΓöÇΓöÇΓöÇΓöÇΓöÇΓö┤ΓöÇΓöÇΓöÇΓöÇΓöÇΓöÇΓöÇΓöÇΓöÇΓöÇΓöÇΓöÇΓöÇΓöÇΓöÇΓö┤ΓöÇΓöÇΓöÇΓöÇΓöÇΓöÇΓöÇΓöÇΓöÇΓöÇΓöÇΓö┤ΓöÇΓöÇΓöÇΓöÇΓöÇΓöÇΓöÇΓöÇΓöÇΓöÇΓöÇΓö┤ΓöÇΓöÇΓöÇΓöÇΓöÇΓöÇΓöÇΓöÇΓöÇΓöÇΓöÇΓöÇΓö┤ΓöÇΓöÇΓöÇΓöÇΓöÇΓöÇΓöÇΓöÇΓöÇΓöÇΓöÇΓöÇΓöÇΓöÿ

--- ARC 2 ---
ΓöîΓöÇΓöÇΓöÇΓöÇΓöÇΓöÇΓöÇΓöÇΓöÇΓö¼ΓöÇΓöÇΓöÇΓöÇΓöÇΓöÇΓöÇΓöÇΓöÇΓöÇΓöÇΓöÇΓöÇΓöÇΓöÇΓöÇΓöÇΓöÇΓöÇΓö¼ΓöÇΓöÇΓöÇΓöÇΓöÇΓöÇΓöÇΓöÇΓöÇΓöÇΓö¼ΓöÇΓöÇΓöÇΓöÇΓöÇΓöÇΓöÇΓöÇΓöÇΓöÇΓöÇΓöÇΓöÇΓö¼ΓöÇΓöÇΓöÇΓöÇΓöÇΓöÇΓöÇΓö¼ΓöÇΓöÇΓöÇΓöÇΓöÇΓöÇΓöÇΓöÇΓöÇΓöÇΓöÇΓöÇΓöÇΓöÇΓöÇΓö¼ΓöÇΓöÇΓöÇΓöÇΓöÇΓöÇΓöÇΓöÇΓöÇΓöÇΓöÇΓö¼ΓöÇΓöÇΓöÇΓöÇΓöÇΓöÇΓöÇΓöÇΓöÇΓöÇΓöÇΓö¼ΓöÇΓöÇΓöÇΓöÇΓöÇΓöÇΓöÇΓöÇΓöÇΓöÇΓöÇΓöÇΓö¼ΓöÇΓöÇΓöÇΓöÇΓöÇΓöÇΓöÇΓöÇΓöÇΓöÇΓöÇΓöÇΓöÇΓöÉ
Γöé (index) Γöé NPC               Γöé Status   Γöé Cash        Γöé Price Γöé UnitsProduced Γöé UnitsSold Γöé Inventory Γöé ReasonCode Γöé MarketShare Γöé
Γö£ΓöÇΓöÇΓöÇΓöÇΓöÇΓöÇΓöÇΓöÇΓöÇΓö╝ΓöÇΓöÇΓöÇΓöÇΓöÇΓöÇΓöÇΓöÇΓöÇΓöÇΓöÇΓöÇΓöÇΓöÇΓöÇΓöÇΓöÇΓöÇΓöÇΓö╝ΓöÇΓöÇΓöÇΓöÇΓöÇΓöÇΓöÇΓöÇΓöÇΓöÇΓö╝ΓöÇΓöÇΓöÇΓöÇΓöÇΓöÇΓöÇΓöÇΓöÇΓöÇΓöÇΓöÇΓöÇΓö╝ΓöÇΓöÇΓöÇΓöÇΓöÇΓöÇΓöÇΓö╝ΓöÇΓöÇΓöÇΓöÇΓöÇΓöÇΓöÇΓöÇΓöÇΓöÇΓöÇΓöÇΓöÇΓöÇΓöÇΓö╝ΓöÇΓöÇΓöÇΓöÇΓöÇΓöÇΓöÇΓöÇΓöÇΓöÇΓöÇΓö╝ΓöÇΓöÇΓöÇΓöÇΓöÇΓöÇΓöÇΓöÇΓöÇΓöÇΓöÇΓö╝ΓöÇΓöÇΓöÇΓöÇΓöÇΓöÇΓöÇΓöÇΓöÇΓöÇΓöÇΓöÇΓö╝ΓöÇΓöÇΓöÇΓöÇΓöÇΓöÇΓöÇΓöÇΓöÇΓöÇΓöÇΓöÇΓöÇΓöñ
Γöé 0       Γöé 'Apex Automobili' Γöé 'active' Γöé '16,16,510' Γöé 58000 Γöé 13            Γöé 12        Γöé 28        Γöé 'Balanced' Γöé '95.7%'     Γöé
Γöé 1       Γöé 'HaulPro'         Γöé 'active' Γöé '17,37,694' Γöé 34000 Γöé 33            Γöé 30        Γöé 51        Γöé 'Balanced' Γöé '97.8%'     Γöé
Γöé 2       Γöé 'Valuecorp'       Γöé 'active' Γöé '10,71,620' Γöé 14500 Γöé 35            Γöé 33        Γöé 66        Γöé 'Balanced' Γöé '99.0%'     Γöé
Γöé 3       Γöé 'Veridian Motors' Γöé 'active' Γöé '19,65,478' Γöé 27000 Γöé 39            Γöé 36        Γöé 55        Γöé 'Balanced' Γöé '98.2%'     Γöé
ΓööΓöÇΓöÇΓöÇΓöÇΓöÇΓöÇΓöÇΓöÇΓöÇΓö┤ΓöÇΓöÇΓöÇΓöÇΓöÇΓöÇΓöÇΓöÇΓöÇΓöÇΓöÇΓöÇΓöÇΓöÇΓöÇΓöÇΓöÇΓöÇΓöÇΓö┤ΓöÇΓöÇΓöÇΓöÇΓöÇΓöÇΓöÇΓöÇΓöÇΓöÇΓö┤ΓöÇΓöÇΓöÇΓöÇΓöÇΓöÇΓöÇΓöÇΓöÇΓöÇΓöÇΓöÇΓöÇΓö┤ΓöÇΓöÇΓöÇΓöÇΓöÇΓöÇΓöÇΓö┤ΓöÇΓöÇΓöÇΓöÇΓöÇΓöÇΓöÇΓöÇΓöÇΓöÇΓöÇΓöÇΓöÇΓöÇΓöÇΓö┤ΓöÇΓöÇΓöÇΓöÇΓöÇΓöÇΓöÇΓöÇΓöÇΓöÇΓöÇΓö┤ΓöÇΓöÇΓöÇΓöÇΓöÇΓöÇΓöÇΓöÇΓöÇΓöÇΓöÇΓö┤ΓöÇΓöÇΓöÇΓöÇΓöÇΓöÇΓöÇΓöÇΓöÇΓöÇΓöÇΓöÇΓö┤ΓöÇΓöÇΓöÇΓöÇΓöÇΓöÇΓöÇΓöÇΓöÇΓöÇΓöÇΓöÇΓöÇΓöÿ

--- ARC 3 ---
ΓöîΓöÇΓöÇΓöÇΓöÇΓöÇΓöÇΓöÇΓöÇΓöÇΓö¼ΓöÇΓöÇΓöÇΓöÇΓöÇΓöÇΓöÇΓöÇΓöÇΓöÇΓöÇΓöÇΓöÇΓöÇΓöÇΓöÇΓöÇΓöÇΓöÇΓö¼ΓöÇΓöÇΓöÇΓöÇΓöÇΓöÇΓöÇΓöÇΓöÇΓöÇΓö¼ΓöÇΓöÇΓöÇΓöÇΓöÇΓöÇΓöÇΓöÇΓöÇΓöÇΓöÇΓöÇΓöÇΓö¼ΓöÇΓöÇΓöÇΓöÇΓöÇΓöÇΓöÇΓö¼ΓöÇΓöÇΓöÇΓöÇΓöÇΓöÇΓöÇΓöÇΓöÇΓöÇΓöÇΓöÇΓöÇΓöÇΓöÇΓö¼ΓöÇΓöÇΓöÇΓöÇΓöÇΓöÇΓöÇΓöÇΓöÇΓöÇΓöÇΓö¼ΓöÇΓöÇΓöÇΓöÇΓöÇΓöÇΓöÇΓöÇΓöÇΓöÇΓöÇΓö¼ΓöÇΓöÇΓöÇΓöÇΓöÇΓöÇΓöÇΓöÇΓöÇΓöÇΓöÇΓöÇΓö¼ΓöÇΓöÇΓöÇΓöÇΓöÇΓöÇΓöÇΓöÇΓöÇΓöÇΓöÇΓöÇΓöÇΓöÉ
Γöé (index) Γöé NPC               Γöé Status   Γöé Cash        Γöé Price Γöé UnitsProduced Γöé UnitsSold Γöé Inventory Γöé ReasonCode Γöé MarketShare Γöé
Γö£ΓöÇΓöÇΓöÇΓöÇΓöÇΓöÇΓöÇΓöÇΓöÇΓö╝ΓöÇΓöÇΓöÇΓöÇΓöÇΓöÇΓöÇΓöÇΓöÇΓöÇΓöÇΓöÇΓöÇΓöÇΓöÇΓöÇΓöÇΓöÇΓöÇΓö╝ΓöÇΓöÇΓöÇΓöÇΓöÇΓöÇΓöÇΓöÇΓöÇΓöÇΓö╝ΓöÇΓöÇΓöÇΓöÇΓöÇΓöÇΓöÇΓöÇΓöÇΓöÇΓöÇΓöÇΓöÇΓö╝ΓöÇΓöÇΓöÇΓöÇΓöÇΓöÇΓöÇΓö╝ΓöÇΓöÇΓöÇΓöÇΓöÇΓöÇΓöÇΓöÇΓöÇΓöÇΓöÇΓöÇΓöÇΓöÇΓöÇΓö╝ΓöÇΓöÇΓöÇΓöÇΓöÇΓöÇΓöÇΓöÇΓöÇΓöÇΓöÇΓö╝ΓöÇΓöÇΓöÇΓöÇΓöÇΓöÇΓöÇΓöÇΓöÇΓöÇΓöÇΓö╝ΓöÇΓöÇΓöÇΓöÇΓöÇΓöÇΓöÇΓöÇΓöÇΓöÇΓöÇΓöÇΓö╝ΓöÇΓöÇΓöÇΓöÇΓöÇΓöÇΓöÇΓöÇΓöÇΓöÇΓöÇΓöÇΓöÇΓöñ
Γöé 0       Γöé 'Apex Automobili' Γöé 'active' Γöé '18,53,840' Γöé 58000 Γöé 13            Γöé 12        Γöé 29        Γöé 'Balanced' Γöé '95.7%'     Γöé
Γöé 1       Γöé 'HaulPro'         Γöé 'active' Γöé '19,08,398' Γöé 34000 Γöé 33            Γöé 30        Γöé 54        Γöé 'Balanced' Γöé '97.8%'     Γöé
Γöé 2       Γöé 'Valuecorp'       Γöé 'active' Γöé '11,57,780' Γöé 14500 Γöé 35            Γöé 33        Γöé 68        Γöé 'Balanced' Γöé '99.0%'     Γöé
Γöé 3       Γöé 'Veridian Motors' Γöé 'active' Γöé '21,45,342' Γöé 27000 Γöé 39            Γöé 36        Γöé 58        Γöé 'Balanced' Γöé '98.2%'     Γöé
ΓööΓöÇΓöÇΓöÇΓöÇΓöÇΓöÇΓöÇΓöÇΓöÇΓö┤ΓöÇΓöÇΓöÇΓöÇΓöÇΓöÇΓöÇΓöÇΓöÇΓöÇΓöÇΓöÇΓöÇΓöÇΓöÇΓöÇΓöÇΓöÇΓöÇΓö┤ΓöÇΓöÇΓöÇΓöÇΓöÇΓöÇΓöÇΓöÇΓöÇΓöÇΓö┤ΓöÇΓöÇΓöÇΓöÇΓöÇΓöÇΓöÇΓöÇΓöÇΓöÇΓöÇΓöÇΓöÇΓö┤ΓöÇΓöÇΓöÇΓöÇΓöÇΓöÇΓöÇΓö┤ΓöÇΓöÇΓöÇΓöÇΓöÇΓöÇΓöÇΓöÇΓöÇΓöÇΓöÇΓöÇΓöÇΓöÇΓöÇΓö┤ΓöÇΓöÇΓöÇΓöÇΓöÇΓöÇΓöÇΓöÇΓöÇΓöÇΓöÇΓö┤ΓöÇΓöÇΓöÇΓöÇΓöÇΓöÇΓöÇΓöÇΓöÇΓöÇΓöÇΓö┤ΓöÇΓöÇΓöÇΓöÇΓöÇΓöÇΓöÇΓöÇΓöÇΓöÇΓöÇΓöÇΓö┤ΓöÇΓöÇΓöÇΓöÇΓöÇΓöÇΓöÇΓöÇΓöÇΓöÇΓöÇΓöÇΓöÇΓöÿ

--- ARC 6 ---
ΓöîΓöÇΓöÇΓöÇΓöÇΓöÇΓöÇΓöÇΓöÇΓöÇΓö¼ΓöÇΓöÇΓöÇΓöÇΓöÇΓöÇΓöÇΓöÇΓöÇΓöÇΓöÇΓöÇΓöÇΓöÇΓöÇΓöÇΓöÇΓöÇΓöÇΓö¼ΓöÇΓöÇΓöÇΓöÇΓöÇΓöÇΓöÇΓöÇΓöÇΓöÇΓö¼ΓöÇΓöÇΓöÇΓöÇΓöÇΓöÇΓöÇΓöÇΓöÇΓöÇΓöÇΓöÇΓöÇΓö¼ΓöÇΓöÇΓöÇΓöÇΓöÇΓöÇΓöÇΓö¼ΓöÇΓöÇΓöÇΓöÇΓöÇΓöÇΓöÇΓöÇΓöÇΓöÇΓöÇΓöÇΓöÇΓöÇΓöÇΓö¼ΓöÇΓöÇΓöÇΓöÇΓöÇΓöÇΓöÇΓöÇΓöÇΓöÇΓöÇΓö¼ΓöÇΓöÇΓöÇΓöÇΓöÇΓöÇΓöÇΓöÇΓöÇΓöÇΓöÇΓö¼ΓöÇΓöÇΓöÇΓöÇΓöÇΓöÇΓöÇΓöÇΓöÇΓöÇΓöÇΓöÇΓö¼ΓöÇΓöÇΓöÇΓöÇΓöÇΓöÇΓöÇΓöÇΓöÇΓöÇΓöÇΓöÇΓöÇΓöÉ
Γöé (index) Γöé NPC               Γöé Status   Γöé Cash        Γöé Price Γöé UnitsProduced Γöé UnitsSold Γöé Inventory Γöé ReasonCode Γöé MarketShare Γöé
Γö£ΓöÇΓöÇΓöÇΓöÇΓöÇΓöÇΓöÇΓöÇΓöÇΓö╝ΓöÇΓöÇΓöÇΓöÇΓöÇΓöÇΓöÇΓöÇΓöÇΓöÇΓöÇΓöÇΓöÇΓöÇΓöÇΓöÇΓöÇΓöÇΓöÇΓö╝ΓöÇΓöÇΓöÇΓöÇΓöÇΓöÇΓöÇΓöÇΓöÇΓöÇΓö╝ΓöÇΓöÇΓöÇΓöÇΓöÇΓöÇΓöÇΓöÇΓöÇΓöÇΓöÇΓöÇΓöÇΓö╝ΓöÇΓöÇΓöÇΓöÇΓöÇΓöÇΓöÇΓö╝ΓöÇΓöÇΓöÇΓöÇΓöÇΓöÇΓöÇΓöÇΓöÇΓöÇΓöÇΓöÇΓöÇΓöÇΓöÇΓö╝ΓöÇΓöÇΓöÇΓöÇΓöÇΓöÇΓöÇΓöÇΓöÇΓöÇΓöÇΓö╝ΓöÇΓöÇΓöÇΓöÇΓöÇΓöÇΓöÇΓöÇΓöÇΓöÇΓöÇΓö╝ΓöÇΓöÇΓöÇΓöÇΓöÇΓöÇΓöÇΓöÇΓöÇΓöÇΓöÇΓöÇΓö╝ΓöÇΓöÇΓöÇΓöÇΓöÇΓöÇΓöÇΓöÇΓöÇΓöÇΓöÇΓöÇΓöÇΓöñ
Γöé 0       Γöé 'Apex Automobili' Γöé 'active' Γöé '25,64,930' Γöé 58000 Γöé 13            Γöé 12        Γöé 32        Γöé 'Balanced' Γöé '95.7%'     Γöé
Γöé 1       Γöé 'HaulPro'         Γöé 'active' Γöé '24,17,810' Γöé 34000 Γöé 33            Γöé 30        Γöé 63        Γöé 'Balanced' Γöé '97.8%'     Γöé
Γöé 2       Γöé 'Valuecorp'       Γöé 'active' Γöé '14,14,460' Γöé 14500 Γöé 35            Γöé 33        Γöé 74        Γöé 'Balanced' Γöé '99.0%'     Γöé
Γöé 3       Γöé 'Veridian Motors' Γöé 'active' Γöé '26,82,234' Γöé 27000 Γöé 39            Γöé 36        Γöé 67        Γöé 'Balanced' Γöé '98.2%'     Γöé
ΓööΓöÇΓöÇΓöÇΓöÇΓöÇΓöÇΓöÇΓöÇΓöÇΓö┤ΓöÇΓöÇΓöÇΓöÇΓöÇΓöÇΓöÇΓöÇΓöÇΓöÇΓöÇΓöÇΓöÇΓöÇΓöÇΓöÇΓöÇΓöÇΓöÇΓö┤ΓöÇΓöÇΓöÇΓöÇΓöÇΓöÇΓöÇΓöÇΓöÇΓöÇΓö┤ΓöÇΓöÇΓöÇΓöÇΓöÇΓöÇΓöÇΓöÇΓöÇΓöÇΓöÇΓöÇΓöÇΓö┤ΓöÇΓöÇΓöÇΓöÇΓöÇΓöÇΓöÇΓö┤ΓöÇΓöÇΓöÇΓöÇΓöÇΓöÇΓöÇΓöÇΓöÇΓöÇΓöÇΓöÇΓöÇΓöÇΓöÇΓö┤ΓöÇΓöÇΓöÇΓöÇΓöÇΓöÇΓöÇΓöÇΓöÇΓöÇΓöÇΓö┤ΓöÇΓöÇΓöÇΓöÇΓöÇΓöÇΓöÇΓöÇΓöÇΓöÇΓöÇΓö┤ΓöÇΓöÇΓöÇΓöÇΓöÇΓöÇΓöÇΓöÇΓöÇΓöÇΓöÇΓöÇΓö┤ΓöÇΓöÇΓöÇΓöÇΓöÇΓöÇΓöÇΓöÇΓöÇΓöÇΓöÇΓöÇΓöÇΓöÿ

--- ARC 12 ---
ΓöîΓöÇΓöÇΓöÇΓöÇΓöÇΓöÇΓöÇΓöÇΓöÇΓö¼ΓöÇΓöÇΓöÇΓöÇΓöÇΓöÇΓöÇΓöÇΓöÇΓöÇΓöÇΓöÇΓöÇΓöÇΓöÇΓöÇΓöÇΓöÇΓöÇΓö¼ΓöÇΓöÇΓöÇΓöÇΓöÇΓöÇΓöÇΓöÇΓöÇΓöÇΓö¼ΓöÇΓöÇΓöÇΓöÇΓöÇΓöÇΓöÇΓöÇΓöÇΓöÇΓöÇΓöÇΓöÇΓö¼ΓöÇΓöÇΓöÇΓöÇΓöÇΓöÇΓöÇΓö¼ΓöÇΓöÇΓöÇΓöÇΓöÇΓöÇΓöÇΓöÇΓöÇΓöÇΓöÇΓöÇΓöÇΓöÇΓöÇΓö¼ΓöÇΓöÇΓöÇΓöÇΓöÇΓöÇΓöÇΓöÇΓöÇΓöÇΓöÇΓö¼ΓöÇΓöÇΓöÇΓöÇΓöÇΓöÇΓöÇΓöÇΓöÇΓöÇΓöÇΓö¼ΓöÇΓöÇΓöÇΓöÇΓöÇΓöÇΓöÇΓöÇΓöÇΓöÇΓöÇΓöÇΓö¼ΓöÇΓöÇΓöÇΓöÇΓöÇΓöÇΓöÇΓöÇΓöÇΓöÇΓöÇΓöÇΓöÇΓöÉ
Γöé (index) Γöé NPC               Γöé Status   Γöé Cash        Γöé Price Γöé UnitsProduced Γöé UnitsSold Γöé Inventory Γöé ReasonCode Γöé MarketShare Γöé
Γö£ΓöÇΓöÇΓöÇΓöÇΓöÇΓöÇΓöÇΓöÇΓöÇΓö╝ΓöÇΓöÇΓöÇΓöÇΓöÇΓöÇΓöÇΓöÇΓöÇΓöÇΓöÇΓöÇΓöÇΓöÇΓöÇΓöÇΓöÇΓöÇΓöÇΓö╝ΓöÇΓöÇΓöÇΓöÇΓöÇΓöÇΓöÇΓöÇΓöÇΓöÇΓö╝ΓöÇΓöÇΓöÇΓöÇΓöÇΓöÇΓöÇΓöÇΓöÇΓöÇΓöÇΓöÇΓöÇΓö╝ΓöÇΓöÇΓöÇΓöÇΓöÇΓöÇΓöÇΓö╝ΓöÇΓöÇΓöÇΓöÇΓöÇΓöÇΓöÇΓöÇΓöÇΓöÇΓöÇΓöÇΓöÇΓöÇΓöÇΓö╝ΓöÇΓöÇΓöÇΓöÇΓöÇΓöÇΓöÇΓöÇΓöÇΓöÇΓöÇΓö╝ΓöÇΓöÇΓöÇΓöÇΓöÇΓöÇΓöÇΓöÇΓöÇΓöÇΓöÇΓö╝ΓöÇΓöÇΓöÇΓöÇΓöÇΓöÇΓöÇΓöÇΓöÇΓöÇΓöÇΓöÇΓö╝ΓöÇΓöÇΓöÇΓöÇΓöÇΓöÇΓöÇΓöÇΓöÇΓöÇΓöÇΓöÇΓöÇΓöñ
Γöé 0       Γöé 'Apex Automobili' Γöé 'active' Γöé '39,83,060' Γöé 58000 Γöé 13            Γöé 12        Γöé 38        Γöé 'Balanced' Γöé '95.7%'     Γöé
Γöé 1       Γöé 'HaulPro'         Γöé 'active' Γöé '34,24,484' Γöé 34000 Γöé 33            Γöé 30        Γöé 81        Γöé 'Balanced' Γöé '97.8%'     Γöé
Γöé 2       Γöé 'Valuecorp'       Γöé 'active' Γöé '19,19,720' Γöé 14500 Γöé 35            Γöé 33        Γöé 86        Γöé 'Balanced' Γöé '99.0%'     Γöé
Γöé 3       Γöé 'Veridian Motors' Γöé 'active' Γöé '37,43,868' Γöé 27000 Γöé 39            Γöé 36        Γöé 85        Γöé 'Balanced' Γöé '98.2%'     Γöé
ΓööΓöÇΓöÇΓöÇΓöÇΓöÇΓöÇΓöÇΓöÇΓöÇΓö┤ΓöÇΓöÇΓöÇΓöÇΓöÇΓöÇΓöÇΓöÇΓöÇΓöÇΓöÇΓöÇΓöÇΓöÇΓöÇΓöÇΓöÇΓöÇΓöÇΓö┤ΓöÇΓöÇΓöÇΓöÇΓöÇΓöÇΓöÇΓöÇΓöÇΓöÇΓö┤ΓöÇΓöÇΓöÇΓöÇΓöÇΓöÇΓöÇΓöÇΓöÇΓöÇΓöÇΓöÇΓöÇΓö┤ΓöÇΓöÇΓöÇΓöÇΓöÇΓöÇΓöÇΓö┤ΓöÇΓöÇΓöÇΓöÇΓöÇΓöÇΓöÇΓöÇΓöÇΓöÇΓöÇΓöÇΓöÇΓöÇΓöÇΓö┤ΓöÇΓöÇΓöÇΓöÇΓöÇΓöÇΓöÇΓöÇΓöÇΓöÇΓöÇΓö┤ΓöÇΓöÇΓöÇΓöÇΓöÇΓöÇΓöÇΓöÇΓöÇΓöÇΓöÇΓö┤ΓöÇΓöÇΓöÇΓöÇΓöÇΓöÇΓöÇΓöÇΓöÇΓöÇΓöÇΓöÇΓö┤ΓöÇΓöÇΓöÇΓöÇΓöÇΓöÇΓöÇΓöÇΓöÇΓöÇΓöÇΓöÇΓöÇΓöÿ

--- ARC 18 ---
ΓöîΓöÇΓöÇΓöÇΓöÇΓöÇΓöÇΓöÇΓöÇΓöÇΓö¼ΓöÇΓöÇΓöÇΓöÇΓöÇΓöÇΓöÇΓöÇΓöÇΓöÇΓöÇΓöÇΓöÇΓöÇΓöÇΓöÇΓöÇΓöÇΓöÇΓö¼ΓöÇΓöÇΓöÇΓöÇΓöÇΓöÇΓöÇΓöÇΓöÇΓöÇΓö¼ΓöÇΓöÇΓöÇΓöÇΓöÇΓöÇΓöÇΓöÇΓöÇΓöÇΓöÇΓöÇΓöÇΓö¼ΓöÇΓöÇΓöÇΓöÇΓöÇΓöÇΓöÇΓö¼ΓöÇΓöÇΓöÇΓöÇΓöÇΓöÇΓöÇΓöÇΓöÇΓöÇΓöÇΓöÇΓöÇΓöÇΓöÇΓö¼ΓöÇΓöÇΓöÇΓöÇΓöÇΓöÇΓöÇΓöÇΓöÇΓöÇΓöÇΓö¼ΓöÇΓöÇΓöÇΓöÇΓöÇΓöÇΓöÇΓöÇΓöÇΓöÇΓöÇΓö¼ΓöÇΓöÇΓöÇΓöÇΓöÇΓöÇΓöÇΓöÇΓöÇΓöÇΓöÇΓöÇΓö¼ΓöÇΓöÇΓöÇΓöÇΓöÇΓöÇΓöÇΓöÇΓöÇΓöÇΓöÇΓöÇΓöÇΓöÉ
Γöé (index) Γöé NPC               Γöé Status   Γöé Cash        Γöé Price Γöé UnitsProduced Γöé UnitsSold Γöé Inventory Γöé ReasonCode Γöé MarketShare Γöé
Γö£ΓöÇΓöÇΓöÇΓöÇΓöÇΓöÇΓöÇΓöÇΓöÇΓö╝ΓöÇΓöÇΓöÇΓöÇΓöÇΓöÇΓöÇΓöÇΓöÇΓöÇΓöÇΓöÇΓöÇΓöÇΓöÇΓöÇΓöÇΓöÇΓöÇΓö╝ΓöÇΓöÇΓöÇΓöÇΓöÇΓöÇΓöÇΓöÇΓöÇΓöÇΓö╝ΓöÇΓöÇΓöÇΓöÇΓöÇΓöÇΓöÇΓöÇΓöÇΓöÇΓöÇΓöÇΓöÇΓö╝ΓöÇΓöÇΓöÇΓöÇΓöÇΓöÇΓöÇΓö╝ΓöÇΓöÇΓöÇΓöÇΓöÇΓöÇΓöÇΓöÇΓöÇΓöÇΓöÇΓöÇΓöÇΓöÇΓöÇΓö╝ΓöÇΓöÇΓöÇΓöÇΓöÇΓöÇΓöÇΓöÇΓöÇΓöÇΓöÇΓö╝ΓöÇΓöÇΓöÇΓöÇΓöÇΓöÇΓöÇΓöÇΓöÇΓöÇΓöÇΓö╝ΓöÇΓöÇΓöÇΓöÇΓöÇΓöÇΓöÇΓöÇΓöÇΓöÇΓöÇΓöÇΓö╝ΓöÇΓöÇΓöÇΓöÇΓöÇΓöÇΓöÇΓöÇΓöÇΓöÇΓöÇΓöÇΓöÇΓöñ
Γöé 0       Γöé 'Apex Automobili' Γöé 'active' Γöé '53,95,790' Γöé 58000 Γöé 13            Γöé 12        Γöé 44        Γöé 'Balanced' Γöé '95.7%'     Γöé
Γöé 1       Γöé 'HaulPro'         Γöé 'active' Γöé '44,14,958' Γöé 34000 Γöé 33            Γöé 30        Γöé 99        Γöé 'Balanced' Γöé '97.8%'     Γöé
Γöé 2       Γöé 'Valuecorp'       Γöé 'active' Γöé '24,14,180' Γöé 14500 Γöé 35            Γöé 33        Γöé 98        Γöé 'Balanced' Γöé '99.0%'     Γöé
Γöé 3       Γöé 'Veridian Motors' Γöé 'active' Γöé '47,89,302' Γöé 27000 Γöé 39            Γöé 36        Γöé 103       Γöé 'Balanced' Γöé '98.2%'     Γöé
ΓööΓöÇΓöÇΓöÇΓöÇΓöÇΓöÇΓöÇΓöÇΓöÇΓö┤ΓöÇΓöÇΓöÇΓöÇΓöÇΓöÇΓöÇΓöÇΓöÇΓöÇΓöÇΓöÇΓöÇΓöÇΓöÇΓöÇΓöÇΓöÇΓöÇΓö┤ΓöÇΓöÇΓöÇΓöÇΓöÇΓöÇΓöÇΓöÇΓöÇΓöÇΓö┤ΓöÇΓöÇΓöÇΓöÇΓöÇΓöÇΓöÇΓöÇΓöÇΓöÇΓöÇΓöÇΓöÇΓö┤ΓöÇΓöÇΓöÇΓöÇΓöÇΓöÇΓöÇΓö┤ΓöÇΓöÇΓöÇΓöÇΓöÇΓöÇΓöÇΓöÇΓöÇΓöÇΓöÇΓöÇΓöÇΓöÇΓöÇΓö┤ΓöÇΓöÇΓöÇΓöÇΓöÇΓöÇΓöÇΓöÇΓöÇΓöÇΓöÇΓö┤ΓöÇΓöÇΓöÇΓöÇΓöÇΓöÇΓöÇΓöÇΓöÇΓöÇΓöÇΓö┤ΓöÇΓöÇΓöÇΓöÇΓöÇΓöÇΓöÇΓöÇΓöÇΓöÇΓöÇΓöÇΓö┤ΓöÇΓöÇΓöÇΓöÇΓöÇΓöÇΓöÇΓöÇΓöÇΓöÇΓöÇΓöÇΓöÇΓöÿ

--- ARC 24 ---
ΓöîΓöÇΓöÇΓöÇΓöÇΓöÇΓöÇΓöÇΓöÇΓöÇΓö¼ΓöÇΓöÇΓöÇΓöÇΓöÇΓöÇΓöÇΓöÇΓöÇΓöÇΓöÇΓöÇΓöÇΓöÇΓöÇΓöÇΓöÇΓöÇΓöÇΓö¼ΓöÇΓöÇΓöÇΓöÇΓöÇΓöÇΓöÇΓöÇΓöÇΓöÇΓö¼ΓöÇΓöÇΓöÇΓöÇΓöÇΓöÇΓöÇΓöÇΓöÇΓöÇΓöÇΓöÇΓöÇΓö¼ΓöÇΓöÇΓöÇΓöÇΓöÇΓöÇΓöÇΓö¼ΓöÇΓöÇΓöÇΓöÇΓöÇΓöÇΓöÇΓöÇΓöÇΓöÇΓöÇΓöÇΓöÇΓöÇΓöÇΓö¼ΓöÇΓöÇΓöÇΓöÇΓöÇΓöÇΓöÇΓöÇΓöÇΓöÇΓöÇΓö¼ΓöÇΓöÇΓöÇΓöÇΓöÇΓöÇΓöÇΓöÇΓöÇΓöÇΓöÇΓö¼ΓöÇΓöÇΓöÇΓöÇΓöÇΓöÇΓöÇΓöÇΓöÇΓöÇΓöÇΓöÇΓö¼ΓöÇΓöÇΓöÇΓöÇΓöÇΓöÇΓöÇΓöÇΓöÇΓöÇΓöÇΓöÇΓöÇΓöÉ
Γöé (index) Γöé NPC               Γöé Status   Γöé Cash        Γöé Price Γöé UnitsProduced Γöé UnitsSold Γöé Inventory Γöé ReasonCode Γöé MarketShare Γöé
Γö£ΓöÇΓöÇΓöÇΓöÇΓöÇΓöÇΓöÇΓöÇΓöÇΓö╝ΓöÇΓöÇΓöÇΓöÇΓöÇΓöÇΓöÇΓöÇΓöÇΓöÇΓöÇΓöÇΓöÇΓöÇΓöÇΓöÇΓöÇΓöÇΓöÇΓö╝ΓöÇΓöÇΓöÇΓöÇΓöÇΓöÇΓöÇΓöÇΓöÇΓöÇΓö╝ΓöÇΓöÇΓöÇΓöÇΓöÇΓöÇΓöÇΓöÇΓöÇΓöÇΓöÇΓöÇΓöÇΓö╝ΓöÇΓöÇΓöÇΓöÇΓöÇΓöÇΓöÇΓö╝ΓöÇΓöÇΓöÇΓöÇΓöÇΓöÇΓöÇΓöÇΓöÇΓöÇΓöÇΓöÇΓöÇΓöÇΓöÇΓö╝ΓöÇΓöÇΓöÇΓöÇΓöÇΓöÇΓöÇΓöÇΓöÇΓöÇΓöÇΓö╝ΓöÇΓöÇΓöÇΓöÇΓöÇΓöÇΓöÇΓöÇΓöÇΓöÇΓöÇΓö╝ΓöÇΓöÇΓöÇΓöÇΓöÇΓöÇΓöÇΓöÇΓöÇΓöÇΓöÇΓöÇΓö╝ΓöÇΓöÇΓöÇΓöÇΓöÇΓöÇΓöÇΓöÇΓöÇΓöÇΓöÇΓöÇΓöÇΓöñ
Γöé 0       Γöé 'Apex Automobili' Γöé 'active' Γöé '68,03,120' Γöé 58000 Γöé 13            Γöé 12        Γöé 50        Γöé 'Balanced' Γöé '95.7%'     Γöé
Γöé 1       Γöé 'HaulPro'         Γöé 'active' Γöé '53,89,232' Γöé 34000 Γöé 33            Γöé 30        Γöé 117       Γöé 'Balanced' Γöé '97.8%'     Γöé
Γöé 2       Γöé 'Valuecorp'       Γöé 'active' Γöé '28,97,840' Γöé 14500 Γöé 35            Γöé 33        Γöé 110       Γöé 'Balanced' Γöé '99.0%'     Γöé
Γöé 3       Γöé 'Veridian Motors' Γöé 'active' Γöé '58,18,536' Γöé 27000 Γöé 39            Γöé 36        Γöé 121       Γöé 'Balanced' Γöé '98.2%'     Γöé
ΓööΓöÇΓöÇΓöÇΓöÇΓöÇΓöÇΓöÇΓöÇΓöÇΓö┤ΓöÇΓöÇΓöÇΓöÇΓöÇΓöÇΓöÇΓöÇΓöÇΓöÇΓöÇΓöÇΓöÇΓöÇΓöÇΓöÇΓöÇΓöÇΓöÇΓö┤ΓöÇΓöÇΓöÇΓöÇΓöÇΓöÇΓöÇΓöÇΓöÇΓöÇΓö┤ΓöÇΓöÇΓöÇΓöÇΓöÇΓöÇΓöÇΓöÇΓöÇΓöÇΓöÇΓöÇΓöÇΓö┤ΓöÇΓöÇΓöÇΓöÇΓöÇΓöÇΓöÇΓö┤ΓöÇΓöÇΓöÇΓöÇΓöÇΓöÇΓöÇΓöÇΓöÇΓöÇΓöÇΓöÇΓöÇΓöÇΓöÇΓö┤ΓöÇΓöÇΓöÇΓöÇΓöÇΓöÇΓöÇΓöÇΓöÇΓöÇΓöÇΓö┤ΓöÇΓöÇΓöÇΓöÇΓöÇΓöÇΓöÇΓöÇΓöÇΓöÇΓöÇΓö┤ΓöÇΓöÇΓöÇΓöÇΓöÇΓöÇΓöÇΓöÇΓöÇΓöÇΓöÇΓöÇΓö┤ΓöÇΓöÇΓöÇΓöÇΓöÇΓöÇΓöÇΓöÇΓöÇΓöÇΓöÇΓöÇΓöÇΓöÿ

--- Arc 24 ---
ΓöîΓöÇΓöÇΓöÇΓöÇΓöÇΓöÇΓöÇΓöÇΓöÇΓö¼ΓöÇΓöÇΓöÇΓöÇΓöÇΓöÇΓöÇΓöÇΓöÇΓöÇΓöÇΓöÇΓöÇΓöÇΓöÇΓöÇΓöÇΓöÇΓöÇΓö¼ΓöÇΓöÇΓöÇΓöÇΓöÇΓöÇΓöÇΓöÇΓöÇΓöÇΓö¼ΓöÇΓöÇΓöÇΓöÇΓöÇΓöÇΓöÇΓöÇΓöÇΓöÇΓöÇΓöÇΓöÇΓö¼ΓöÇΓöÇΓöÇΓöÇΓöÇΓöÇΓöÇΓö¼ΓöÇΓöÇΓöÇΓöÇΓöÇΓöÇΓöÇΓöÇΓöÇΓöÇΓöÇΓöÇΓöÇΓöÇΓöÇΓö¼ΓöÇΓöÇΓöÇΓöÇΓöÇΓöÇΓöÇΓöÇΓöÇΓöÇΓöÇΓö¼ΓöÇΓöÇΓöÇΓöÇΓöÇΓöÇΓöÇΓöÇΓöÇΓöÇΓöÇΓö¼ΓöÇΓöÇΓöÇΓöÇΓöÇΓöÇΓöÇΓöÇΓöÇΓöÇΓöÇΓöÇΓö¼ΓöÇΓöÇΓöÇΓöÇΓöÇΓöÇΓöÇΓöÇΓöÇΓöÇΓöÇΓöÇΓöÇΓöÉ
Γöé (index) Γöé NPC               Γöé Status   Γöé Cash        Γöé Price Γöé UnitsProduced Γöé UnitsSold Γöé Inventory Γöé ReasonCode Γöé MarketShare Γöé
Γö£ΓöÇΓöÇΓöÇΓöÇΓöÇΓöÇΓöÇΓöÇΓöÇΓö╝ΓöÇΓöÇΓöÇΓöÇΓöÇΓöÇΓöÇΓöÇΓöÇΓöÇΓöÇΓöÇΓöÇΓöÇΓöÇΓöÇΓöÇΓöÇΓöÇΓö╝ΓöÇΓöÇΓöÇΓöÇΓöÇΓöÇΓöÇΓöÇΓöÇΓöÇΓö╝ΓöÇΓöÇΓöÇΓöÇΓöÇΓöÇΓöÇΓöÇΓöÇΓöÇΓöÇΓöÇΓöÇΓö╝ΓöÇΓöÇΓöÇΓöÇΓöÇΓöÇΓöÇΓö╝ΓöÇΓöÇΓöÇΓöÇΓöÇΓöÇΓöÇΓöÇΓöÇΓöÇΓöÇΓöÇΓöÇΓöÇΓöÇΓö╝ΓöÇΓöÇΓöÇΓöÇΓöÇΓöÇΓöÇΓöÇΓöÇΓöÇΓöÇΓö╝ΓöÇΓöÇΓöÇΓöÇΓöÇΓöÇΓöÇΓöÇΓöÇΓöÇΓöÇΓö╝ΓöÇΓöÇΓöÇΓöÇΓöÇΓöÇΓöÇΓöÇΓöÇΓöÇΓöÇΓöÇΓö╝ΓöÇΓöÇΓöÇΓöÇΓöÇΓöÇΓöÇΓöÇΓöÇΓöÇΓöÇΓöÇΓöÇΓöñ
Γöé 0       Γöé 'Apex Automobili' Γöé 'active' Γöé '6,803,120' Γöé 58000 Γöé 13            Γöé 12        Γöé 50        Γöé 'Balanced' Γöé '10.8%'     Γöé
Γöé 1       Γöé 'HaulPro'         Γöé 'active' Γöé '5,389,232' Γöé 34000 Γöé 33            Γöé 30        Γöé 117       Γöé 'Balanced' Γöé '27.0%'     Γöé
Γöé 2       Γöé 'Valuecorp'       Γöé 'active' Γöé '2,897,840' Γöé 14500 Γöé 35            Γöé 33        Γöé 110       Γöé 'Balanced' Γöé '29.7%'     Γöé
Γöé 3       Γöé 'Veridian Motors' Γöé 'active' Γöé '5,818,536' Γöé 27000 Γöé 39            Γöé 36        Γöé 121       Γöé 'Balanced' Γöé '32.4%'     Γöé
ΓööΓöÇΓöÇΓöÇΓöÇΓöÇΓöÇΓöÇΓöÇΓöÇΓö┤ΓöÇΓöÇΓöÇΓöÇΓöÇΓöÇΓöÇΓöÇΓöÇΓöÇΓöÇΓöÇΓöÇΓöÇΓöÇΓöÇΓöÇΓöÇΓöÇΓö┤ΓöÇΓöÇΓöÇΓöÇΓöÇΓöÇΓöÇΓöÇΓöÇΓöÇΓö┤ΓöÇΓöÇΓöÇΓöÇΓöÇΓöÇΓöÇΓöÇΓöÇΓöÇΓöÇΓöÇΓöÇΓö┤ΓöÇΓöÇΓöÇΓöÇΓöÇΓöÇΓöÇΓö┤ΓöÇΓöÇΓöÇΓöÇΓöÇΓöÇΓöÇΓöÇΓöÇΓöÇΓöÇΓöÇΓöÇΓöÇΓöÇΓö┤ΓöÇΓöÇΓöÇΓöÇΓöÇΓöÇΓöÇΓöÇΓöÇΓöÇΓöÇΓö┤ΓöÇΓöÇΓöÇΓöÇΓöÇΓöÇΓöÇΓöÇΓöÇΓöÇΓöÇΓö┤ΓöÇΓöÇΓöÇΓöÇΓöÇΓöÇΓöÇΓöÇΓöÇΓöÇΓöÇΓöÇΓö┤ΓöÇΓöÇΓöÇΓöÇΓöÇΓöÇΓöÇΓöÇΓöÇΓöÇΓöÇΓöÇΓöÇΓöÿ
